Archive member included to satisfy reference by file (symbol)

c:/progra~2/gnuarm~1/102020~1/bin/../lib/gcc/arm-none-eabi/10.2.1/thumb/v7e-m/nofp\libgcc.a(_aeabi_uldivmod.o)
                              CMakeFiles/Lab_VI_Interrupt.elf.dir/Drivers/STM32F4xx_HAL_Driver/Src/stm32f4xx_hal_rcc.c.obj (__aeabi_uldivmod)
c:/progra~2/gnuarm~1/102020~1/bin/../lib/gcc/arm-none-eabi/10.2.1/thumb/v7e-m/nofp\libgcc.a(_udivmoddi4.o)
                              c:/progra~2/gnuarm~1/102020~1/bin/../lib/gcc/arm-none-eabi/10.2.1/thumb/v7e-m/nofp\libgcc.a(_aeabi_uldivmod.o) (__udivmoddi4)
c:/progra~2/gnuarm~1/102020~1/bin/../lib/gcc/arm-none-eabi/10.2.1/thumb/v7e-m/nofp\libgcc.a(_dvmd_tls.o)
                              c:/progra~2/gnuarm~1/102020~1/bin/../lib/gcc/arm-none-eabi/10.2.1/thumb/v7e-m/nofp\libgcc.a(_aeabi_uldivmod.o) (__aeabi_ldiv0)
c:/progra~2/gnuarm~1/102020~1/bin/../lib/gcc/arm-none-eabi/10.2.1/../../../../arm-none-eabi/lib/thumb/v7e-m/nofp\libg.a(lib_a-errno.o)
                              CMakeFiles/Lab_VI_Interrupt.elf.dir/Core/Src/syscalls.c.obj (__errno)
c:/progra~2/gnuarm~1/102020~1/bin/../lib/gcc/arm-none-eabi/10.2.1/../../../../arm-none-eabi/lib/thumb/v7e-m/nofp\libg.a(lib_a-exit.o)
                              c:/progra~2/gnuarm~1/102020~1/bin/../lib/gcc/arm-none-eabi/10.2.1/../../../../arm-none-eabi/lib/thumb/v7e-m/nofp/crt0.o (exit)
c:/progra~2/gnuarm~1/102020~1/bin/../lib/gcc/arm-none-eabi/10.2.1/../../../../arm-none-eabi/lib/thumb/v7e-m/nofp\libg.a(lib_a-impure.o)
                              c:/progra~2/gnuarm~1/102020~1/bin/../lib/gcc/arm-none-eabi/10.2.1/../../../../arm-none-eabi/lib/thumb/v7e-m/nofp\libg.a(lib_a-exit.o) (_global_impure_ptr)
c:/progra~2/gnuarm~1/102020~1/bin/../lib/gcc/arm-none-eabi/10.2.1/../../../../arm-none-eabi/lib/thumb/v7e-m/nofp\libg.a(lib_a-init.o)
                              c:/progra~2/gnuarm~1/102020~1/bin/../lib/gcc/arm-none-eabi/10.2.1/../../../../arm-none-eabi/lib/thumb/v7e-m/nofp/crt0.o (__libc_init_array)
c:/progra~2/gnuarm~1/102020~1/bin/../lib/gcc/arm-none-eabi/10.2.1/../../../../arm-none-eabi/lib/thumb/v7e-m/nofp\libg.a(lib_a-memset.o)
                              c:/progra~2/gnuarm~1/102020~1/bin/../lib/gcc/arm-none-eabi/10.2.1/../../../../arm-none-eabi/lib/thumb/v7e-m/nofp/crt0.o (memset)
c:/progra~2/gnuarm~1/102020~1/bin/../lib/gcc/arm-none-eabi/10.2.1/../../../../arm-none-eabi/lib/thumb/v7e-m/nofp\libg.a(lib_a-__call_atexit.o)
                              c:/progra~2/gnuarm~1/102020~1/bin/../lib/gcc/arm-none-eabi/10.2.1/../../../../arm-none-eabi/lib/thumb/v7e-m/nofp\libg.a(lib_a-exit.o) (__call_exitprocs)
c:/progra~2/gnuarm~1/102020~1/bin/../lib/gcc/arm-none-eabi/10.2.1/../../../../arm-none-eabi/lib/thumb/v7e-m/nofp\libg.a(lib_a-atexit.o)
                              c:/progra~2/gnuarm~1/102020~1/bin/../lib/gcc/arm-none-eabi/10.2.1/../../../../arm-none-eabi/lib/thumb/v7e-m/nofp\libg.a(lib_a-__call_atexit.o) (atexit)
c:/progra~2/gnuarm~1/102020~1/bin/../lib/gcc/arm-none-eabi/10.2.1/../../../../arm-none-eabi/lib/thumb/v7e-m/nofp\libg.a(lib_a-fini.o)
                              c:/progra~2/gnuarm~1/102020~1/bin/../lib/gcc/arm-none-eabi/10.2.1/../../../../arm-none-eabi/lib/thumb/v7e-m/nofp\libg.a(lib_a-__call_atexit.o) (__libc_fini_array)
c:/progra~2/gnuarm~1/102020~1/bin/../lib/gcc/arm-none-eabi/10.2.1/../../../../arm-none-eabi/lib/thumb/v7e-m/nofp\libg.a(lib_a-lock.o)
                              c:/progra~2/gnuarm~1/102020~1/bin/../lib/gcc/arm-none-eabi/10.2.1/../../../../arm-none-eabi/lib/thumb/v7e-m/nofp\libg.a(lib_a-__call_atexit.o) (__retarget_lock_acquire_recursive)
c:/progra~2/gnuarm~1/102020~1/bin/../lib/gcc/arm-none-eabi/10.2.1/../../../../arm-none-eabi/lib/thumb/v7e-m/nofp\libg.a(lib_a-__atexit.o)
                              c:/progra~2/gnuarm~1/102020~1/bin/../lib/gcc/arm-none-eabi/10.2.1/../../../../arm-none-eabi/lib/thumb/v7e-m/nofp\libg.a(lib_a-atexit.o) (__register_exitproc)

Discarded input sections

 .text          0x00000000        0x0 c:/progra~2/gnuarm~1/102020~1/bin/../lib/gcc/arm-none-eabi/10.2.1/thumb/v7e-m/nofp/crti.o
 .data          0x00000000        0x0 c:/progra~2/gnuarm~1/102020~1/bin/../lib/gcc/arm-none-eabi/10.2.1/thumb/v7e-m/nofp/crti.o
 .bss           0x00000000        0x0 c:/progra~2/gnuarm~1/102020~1/bin/../lib/gcc/arm-none-eabi/10.2.1/thumb/v7e-m/nofp/crti.o
 .data          0x00000000        0x4 c:/progra~2/gnuarm~1/102020~1/bin/../lib/gcc/arm-none-eabi/10.2.1/thumb/v7e-m/nofp/crtbegin.o
 .rodata        0x00000000       0x24 c:/progra~2/gnuarm~1/102020~1/bin/../lib/gcc/arm-none-eabi/10.2.1/thumb/v7e-m/nofp/crtbegin.o
 .text          0x00000000       0x7c c:/progra~2/gnuarm~1/102020~1/bin/../lib/gcc/arm-none-eabi/10.2.1/../../../../arm-none-eabi/lib/thumb/v7e-m/nofp/crt0.o
 .data          0x00000000        0x0 c:/progra~2/gnuarm~1/102020~1/bin/../lib/gcc/arm-none-eabi/10.2.1/../../../../arm-none-eabi/lib/thumb/v7e-m/nofp/crt0.o
[...]
Memory Configuration

Name             Origin             Length             Attributes
CCMRAM           0x10000000         0x00010000         xrw
RAM              0x20000000         0x00020000         xrw
FLASH            0x08000000         0x00100000         xr
*default*        0x00000000         0xffffffff

Linker script and memory map

LOAD c:/progra~2/gnuarm~1/102020~1/bin/../lib/gcc/arm-none-eabi/10.2.1/thumb/v7e-m/nofp/crti.o
LOAD c:/progra~2/gnuarm~1/102020~1/bin/../lib/gcc/arm-none-eabi/10.2.1/thumb/v7e-m/nofp/crtbegin.o
LOAD c:/progra~2/gnuarm~1/102020~1/bin/../lib/gcc/arm-none-eabi/10.2.1/../../../../arm-none-eabi/lib/thumb/v7e-m/nofp/crt0.o
LOAD CMakeFiles/Lab_VI_Interrupt.elf.dir/Core/Src/main.c.obj
LOAD CMakeFiles/Lab_VI_Interrupt.elf.dir/Core/Src/stm32f4xx_hal_msp.c.obj
LOAD CMakeFiles/Lab_VI_Interrupt.elf.dir/Core/Src/stm32f4xx_it.c.obj
LOAD CMakeFiles/Lab_VI_Interrupt.elf.dir/Core/Src/syscalls.c.obj
LOAD CMakeFiles/Lab_VI_Interrupt.elf.dir/Core/Src/sysmem.c.obj
LOAD CMakeFiles/Lab_VI_Interrupt.elf.dir/Core/Src/system_stm32f4xx.c.obj
LOAD CMakeFiles/Lab_VI_Interrupt.elf.dir/Core/Startup/startup_stm32f407vgtx.s.obj
LOAD CMakeFiles/Lab_VI_Interrupt.elf.dir/Drivers/STM32F4xx_HAL_Driver/Src/stm32f4xx_hal.c.obj
LOAD CMakeFiles/Lab_VI_Interrupt.elf.dir/Drivers/STM32F4xx_HAL_Driver/Src/stm32f4xx_hal_cortex.c.obj
LOAD CMakeFiles/Lab_VI_Interrupt.elf.dir/Drivers/STM32F4xx_HAL_Driver/Src/stm32f4xx_hal_dma.c.obj
LOAD CMakeFiles/Lab_VI_Interrupt.elf.dir/Drivers/STM32F4xx_HAL_Driver/Src/stm32f4xx_hal_dma_ex.c.obj
LOAD CMakeFiles/Lab_VI_Interrupt.elf.dir/Drivers/STM32F4xx_HAL_Driver/Src/stm32f4xx_hal_exti.c.obj
LOAD CMakeFiles/Lab_VI_Interrupt.elf.dir/Drivers/STM32F4xx_HAL_Driver/Src/stm32f4xx_hal_flash.c.obj
LOAD CMakeFiles/Lab_VI_Interrupt.elf.dir/Drivers/STM32F4xx_HAL_Driver/Src/stm32f4xx_hal_flash_ex.c.obj
LOAD CMakeFiles/Lab_VI_Interrupt.elf.dir/Drivers/STM32F4xx_HAL_Driver/Src/stm32f4xx_hal_flash_ramfunc.c.obj
LOAD CMakeFiles/Lab_VI_Interrupt.elf.dir/Drivers/STM32F4xx_HAL_Driver/Src/stm32f4xx_hal_gpio.c.obj
LOAD CMakeFiles/Lab_VI_Interrupt.elf.dir/Drivers/STM32F4xx_HAL_Driver/Src/stm32f4xx_hal_pwr.c.obj
LOAD CMakeFiles/Lab_VI_Interrupt.elf.dir/Drivers/STM32F4xx_HAL_Driver/Src/stm32f4xx_hal_pwr_ex.c.obj
LOAD CMakeFiles/Lab_VI_Interrupt.elf.dir/Drivers/STM32F4xx_HAL_Driver/Src/stm32f4xx_hal_rcc.c.obj
LOAD CMakeFiles/Lab_VI_Interrupt.elf.dir/Drivers/STM32F4xx_HAL_Driver/Src/stm32f4xx_hal_rcc_ex.c.obj
LOAD CMakeFiles/Lab_VI_Interrupt.elf.dir/Drivers/STM32F4xx_HAL_Driver/Src/stm32f4xx_hal_tim.c.obj
LOAD CMakeFiles/Lab_VI_Interrupt.elf.dir/Drivers/STM32F4xx_HAL_Driver/Src/stm32f4xx_hal_tim_ex.c.obj
START GROUP
LOAD c:/progra~2/gnuarm~1/102020~1/bin/../lib/gcc/arm-none-eabi/10.2.1/thumb/v7e-m/nofp\libgcc.a
LOAD c:/progra~2/gnuarm~1/102020~1/bin/../lib/gcc/arm-none-eabi/10.2.1/../../../../arm-none-eabi/lib/thumb/v7e-m/nofp\libg.a
LOAD c:/progra~2/gnuarm~1/102020~1/bin/../lib/gcc/arm-none-eabi/10.2.1/../../../../arm-none-eabi/lib/thumb/v7e-m/nofp\libc.a
END GROUP
LOAD c:/progra~2/gnuarm~1/102020~1/bin/../lib/gcc/arm-none-eabi/10.2.1/thumb/v7e-m/nofp/crtend.o
LOAD c:/progra~2/gnuarm~1/102020~1/bin/../lib/gcc/arm-none-eabi/10.2.1/thumb/v7e-m/nofp/crtn.o
                0x20020000                _estack = (ORIGIN (RAM) + LENGTH (RAM))
                0x00000200                _Min_Heap_Size = 0x200
                0x00000400                _Min_Stack_Size = 0x400

.isr_vector     0x08000000      0x188
                0x08000000                . = ALIGN (0x4)
 *(.isr_vector)
 .isr_vector    0x08000000      0x188 CMakeFiles/Lab_VI_Interrupt.elf.dir/Core/Startup/startup_stm32f407vgtx.s.obj
                0x08000000                g_pfnVectors
                0x08000188                . = ALIGN (0x4)

.text           0x08000188     0x1724
                0x08000188                . = ALIGN (0x4)
 *(.text)
 .text          0x08000188       0x40 c:/progra~2/gnuarm~1/102020~1/bin/../lib/gcc/arm-none-eabi/10.2.1/thumb/v7e-m/nofp/crtbegin.o
 .text          0x080001c8       0x30 c:/progra~2/gnuarm~1/102020~1/bin/../lib/gcc/arm-none-eabi/10.2.1/thumb/v7e-m/nofp\libgcc.a(_aeabi_uldivmod.o)
                0x080001c8                __aeabi_uldivmod
 .text          0x080001f8      0x2d0 c:/progra~2/gnuarm~1/102020~1/bin/../lib/gcc/arm-none-eabi/10.2.1/thumb/v7e-m/nofp\libgcc.a(_udivmoddi4.o)
                0x080001f8                __udivmoddi4
 .text          0x080004c8        0x4 c:/progra~2/gnuarm~1/102020~1/bin/../lib/gcc/arm-none-eabi/10.2.1/thumb/v7e-m/nofp\libgcc.a(_dvmd_tls.o)
                0x080004c8                __aeabi_idiv0
                0x080004c8                __aeabi_ldiv0
 *(.text*)
 .text.InitializeAllLeds
                0x080004cc       0x84 CMakeFiles/Lab_VI_Interrupt.elf.dir/Core/Src/main.c.obj
                0x080004cc                InitializeAllLeds
 .text.InitializeTimer
                0x08000550       0x4c CMakeFiles/Lab_VI_Interrupt.elf.dir/Core/Src/main.c.obj
                0x08000550                InitializeTimer
 .text.InitTimerPwm
                0x0800059c       0x3c CMakeFiles/Lab_VI_Interrupt.elf.dir/Core/Src/main.c.obj
                0x0800059c                InitTimerPwm
 .text.InitializeButton
                0x080005d8       0x50 CMakeFiles/Lab_VI_Interrupt.elf.dir/Core/Src/main.c.obj
                0x080005d8                InitializeButton
 .text.HAL_GPIO_EXTI_Callback
                0x08000628       0x44 CMakeFiles/Lab_VI_Interrupt.elf.dir/Core/Src/main.c.obj
                0x08000628                HAL_GPIO_EXTI_Callback
 .text.Error_Handler
                0x0800066c        0x4 CMakeFiles/Lab_VI_Interrupt.elf.dir/Core/Src/main.c.obj
                0x0800066c                Error_Handler
 .text.SystemClock_Config
                0x08000670       0xa4 CMakeFiles/Lab_VI_Interrupt.elf.dir/Core/Src/main.c.obj
                0x08000670                SystemClock_Config
 .text.main     0x08000714       0x88 CMakeFiles/Lab_VI_Interrupt.elf.dir/Core/Src/main.c.obj
                0x08000714                main
 .text.HAL_MspInit
                0x0800079c       0x40 CMakeFiles/Lab_VI_Interrupt.elf.dir/Core/Src/stm32f4xx_hal_msp.c.obj
                0x0800079c                HAL_MspInit
 .text.HAL_TIM_Base_MspInit
                0x080007dc       0x30 CMakeFiles/Lab_VI_Interrupt.elf.dir/Core/Src/stm32f4xx_hal_msp.c.obj
                0x080007dc                HAL_TIM_Base_MspInit
 .text.HAL_TIM_MspPostInit
                0x0800080c       0x58 CMakeFiles/Lab_VI_Interrupt.elf.dir/Core/Src/stm32f4xx_hal_msp.c.obj
                0x0800080c                HAL_TIM_MspPostInit
 .text.NMI_Handler
                0x08000864        0x2 CMakeFiles/Lab_VI_Interrupt.elf.dir/Core/Src/stm32f4xx_it.c.obj
                0x08000864                NMI_Handler
 .text.HardFault_Handler
                0x08000866        0x2 CMakeFiles/Lab_VI_Interrupt.elf.dir/Core/Src/stm32f4xx_it.c.obj
                0x08000866                HardFault_Handler
 .text.MemManage_Handler
                0x08000868        0x2 CMakeFiles/Lab_VI_Interrupt.elf.dir/Core/Src/stm32f4xx_it.c.obj
                0x08000868                MemManage_Handler
 .text.BusFault_Handler
                0x0800086a        0x2 CMakeFiles/Lab_VI_Interrupt.elf.dir/Core/Src/stm32f4xx_it.c.obj
                0x0800086a                BusFault_Handler
 .text.UsageFault_Handler
                0x0800086c        0x2 CMakeFiles/Lab_VI_Interrupt.elf.dir/Core/Src/stm32f4xx_it.c.obj
                0x0800086c                UsageFault_Handler
 .text.SVC_Handler
                0x0800086e        0x2 CMakeFiles/Lab_VI_Interrupt.elf.dir/Core/Src/stm32f4xx_it.c.obj
                0x0800086e                SVC_Handler
 .text.DebugMon_Handler
                0x08000870        0x2 CMakeFiles/Lab_VI_Interrupt.elf.dir/Core/Src/stm32f4xx_it.c.obj
                0x08000870                DebugMon_Handler
 .text.PendSV_Handler
                0x08000872        0x2 CMakeFiles/Lab_VI_Interrupt.elf.dir/Core/Src/stm32f4xx_it.c.obj
                0x08000872                PendSV_Handler
 .text.SysTick_Handler
                0x08000874        0x8 CMakeFiles/Lab_VI_Interrupt.elf.dir/Core/Src/stm32f4xx_it.c.obj
                0x08000874                SysTick_Handler
 .text.EXTI0_IRQHandler
                0x0800087c        0xa CMakeFiles/Lab_VI_Interrupt.elf.dir/Core/Src/stm32f4xx_it.c.obj
                0x0800087c                EXTI0_IRQHandler
 *fill*         0x08000886        0x2 
 .text.SystemInit
                0x08000888       0x10 CMakeFiles/Lab_VI_Interrupt.elf.dir/Core/Src/system_stm32f4xx.c.obj
                0x08000888                SystemInit
 .text.Reset_Handler
                0x08000898       0x50 CMakeFiles/Lab_VI_Interrupt.elf.dir/Core/Startup/startup_stm32f407vgtx.s.obj
                0x08000898                Reset_Handler
 .text.Default_Handler
                0x080008e8        0x2 CMakeFiles/Lab_VI_Interrupt.elf.dir/Core/Startup/startup_stm32f407vgtx.s.obj
                0x080008e8                RTC_Alarm_IRQHandler
                0x080008e8                HASH_RNG_IRQHandler
                0x080008e8                EXTI2_IRQHandler
                0x080008e8                TIM8_CC_IRQHandler
                0x080008e8                TIM1_CC_IRQHandler
                0x080008e8                DMA2_Stream5_IRQHandler
                0x080008e8                DMA1_Stream5_IRQHandler
                0x080008e8                PVD_IRQHandler
                0x080008e8                SDIO_IRQHandler
                0x080008e8                TAMP_STAMP_IRQHandler
                0x080008e8                CAN2_RX1_IRQHandler
                0x080008e8                EXTI3_IRQHandler
                0x080008e8                TIM8_TRG_COM_TIM14_IRQHandler
                0x080008e8                TIM1_UP_TIM10_IRQHandler
                0x080008e8                TIM8_UP_TIM13_IRQHandler
                0x080008e8                I2C3_ER_IRQHandler
                0x080008e8                I2C2_EV_IRQHandler
                0x080008e8                DMA1_Stream2_IRQHandler
                0x080008e8                CAN1_RX0_IRQHandler
                0x080008e8                FPU_IRQHandler
                0x080008e8                OTG_HS_WKUP_IRQHandler
                0x080008e8                CAN2_SCE_IRQHandler
                0x080008e8                DMA2_Stream2_IRQHandler
                0x080008e8                SPI1_IRQHandler
                0x080008e8                TIM6_DAC_IRQHandler
                0x080008e8                TIM1_BRK_TIM9_IRQHandler
                0x080008e8                DCMI_IRQHandler
                0x080008e8                CAN2_RX0_IRQHandler
                0x080008e8                DMA2_Stream3_IRQHandler
                0x080008e8                USART6_IRQHandler
                0x080008e8                USART3_IRQHandler
                0x080008e8                CAN1_RX1_IRQHandler
                0x080008e8                UART5_IRQHandler
                0x080008e8                DMA2_Stream0_IRQHandler
                0x080008e8                TIM4_IRQHandler
                0x080008e8                I2C1_EV_IRQHandler
                0x080008e8                DMA1_Stream6_IRQHandler
                0x080008e8                DMA1_Stream1_IRQHandler
                0x080008e8                UART4_IRQHandler
                0x080008e8                TIM3_IRQHandler
                0x080008e8                RCC_IRQHandler
                0x080008e8                TIM8_BRK_TIM12_IRQHandler
                0x080008e8                Default_Handler
                0x080008e8                EXTI15_10_IRQHandler
                0x080008e8                ADC_IRQHandler
                0x080008e8                DMA1_Stream7_IRQHandler
                0x080008e8                TIM7_IRQHandler
                0x080008e8                CAN2_TX_IRQHandler
                0x080008e8                TIM5_IRQHandler
                0x080008e8                DMA2_Stream7_IRQHandler
                0x080008e8                I2C3_EV_IRQHandler
                0x080008e8                EXTI9_5_IRQHandler
                0x080008e8                RTC_WKUP_IRQHandler
                0x080008e8                ETH_WKUP_IRQHandler
                0x080008e8                SPI2_IRQHandler
                0x080008e8                OTG_HS_EP1_IN_IRQHandler
                0x080008e8                DMA1_Stream0_IRQHandler
                0x080008e8                CAN1_TX_IRQHandler
                0x080008e8                EXTI4_IRQHandler
                0x080008e8                FSMC_IRQHandler
                0x080008e8                ETH_IRQHandler
                0x080008e8                OTG_HS_EP1_OUT_IRQHandler
                0x080008e8                WWDG_IRQHandler
                0x080008e8                TIM2_IRQHandler
                0x080008e8                OTG_FS_WKUP_IRQHandler
                0x080008e8                TIM1_TRG_COM_TIM11_IRQHandler
                0x080008e8                OTG_HS_IRQHandler
                0x080008e8                EXTI1_IRQHandler
                0x080008e8                USART2_IRQHandler
                0x080008e8                I2C2_ER_IRQHandler
                0x080008e8                DMA2_Stream1_IRQHandler
                0x080008e8                CAN1_SCE_IRQHandler
                0x080008e8                FLASH_IRQHandler
                0x080008e8                DMA2_Stream4_IRQHandler
                0x080008e8                USART1_IRQHandler
                0x080008e8                OTG_FS_IRQHandler
                0x080008e8                SPI3_IRQHandler
                0x080008e8                DMA1_Stream4_IRQHandler
                0x080008e8                I2C1_ER_IRQHandler
                0x080008e8                DMA2_Stream6_IRQHandler
                0x080008e8                DMA1_Stream3_IRQHandler
 *fill*         0x080008ea        0x2 
 .text.HAL_InitTick
                0x080008ec       0x4c CMakeFiles/Lab_VI_Interrupt.elf.dir/Drivers/STM32F4xx_HAL_Driver/Src/stm32f4xx_hal.c.obj
                0x080008ec                HAL_InitTick
 .text.HAL_Init
                0x08000938       0x34 CMakeFiles/Lab_VI_Interrupt.elf.dir/Drivers/STM32F4xx_HAL_Driver/Src/stm32f4xx_hal.c.obj
                0x08000938                HAL_Init
 .text.HAL_IncTick
                0x0800096c       0x18 CMakeFiles/Lab_VI_Interrupt.elf.dir/Drivers/STM32F4xx_HAL_Driver/Src/stm32f4xx_hal.c.obj
                0x0800096c                HAL_IncTick
 .text.HAL_GetTick
                0x08000984        0xc CMakeFiles/Lab_VI_Interrupt.elf.dir/Drivers/STM32F4xx_HAL_Driver/Src/stm32f4xx_hal.c.obj
                0x08000984                HAL_GetTick
 .text.HAL_Delay
                0x08000990       0x28 CMakeFiles/Lab_VI_Interrupt.elf.dir/Drivers/STM32F4xx_HAL_Driver/Src/stm32f4xx_hal.c.obj
                0x08000990                HAL_Delay
 .text.HAL_NVIC_SetPriorityGrouping
                0x080009b8       0x24 CMakeFiles/Lab_VI_Interrupt.elf.dir/Drivers/STM32F4xx_HAL_Driver/Src/stm32f4xx_hal_cortex.c.obj
                0x080009b8                HAL_NVIC_SetPriorityGrouping
 .text.HAL_NVIC_SetPriority
                0x080009dc       0x70 CMakeFiles/Lab_VI_Interrupt.elf.dir/Drivers/STM32F4xx_HAL_Driver/Src/stm32f4xx_hal_cortex.c.obj
                0x080009dc                HAL_NVIC_SetPriority
 .text.HAL_NVIC_EnableIRQ
                0x08000a4c       0x1c CMakeFiles/Lab_VI_Interrupt.elf.dir/Drivers/STM32F4xx_HAL_Driver/Src/stm32f4xx_hal_cortex.c.obj
                0x08000a4c                HAL_NVIC_EnableIRQ
 .text.HAL_SYSTICK_Config
                0x08000a68       0x28 CMakeFiles/Lab_VI_Interrupt.elf.dir/Drivers/STM32F4xx_HAL_Driver/Src/stm32f4xx_hal_cortex.c.obj
                0x08000a68                HAL_SYSTICK_Config
 .text.HAL_GPIO_Init
                0x08000a90      0x1d0 CMakeFiles/Lab_VI_Interrupt.elf.dir/Drivers/STM32F4xx_HAL_Driver/Src/stm32f4xx_hal_gpio.c.obj
                0x08000a90                HAL_GPIO_Init
 .text.HAL_GPIO_EXTI_IRQHandler
                0x08000c60       0x1c CMakeFiles/Lab_VI_Interrupt.elf.dir/Drivers/STM32F4xx_HAL_Driver/Src/stm32f4xx_hal_gpio.c.obj
                0x08000c60                HAL_GPIO_EXTI_IRQHandler
 .text.HAL_RCC_OscConfig
                0x08000c7c      0x3ec CMakeFiles/Lab_VI_Interrupt.elf.dir/Drivers/STM32F4xx_HAL_Driver/Src/stm32f4xx_hal_rcc.c.obj
                0x08000c7c                HAL_RCC_OscConfig
 .text.HAL_RCC_GetSysClockFreq
                0x08001068       0xd4 CMakeFiles/Lab_VI_Interrupt.elf.dir/Drivers/STM32F4xx_HAL_Driver/Src/stm32f4xx_hal_rcc.c.obj
                0x08001068                HAL_RCC_GetSysClockFreq
 .text.HAL_RCC_ClockConfig
                0x0800113c      0x160 CMakeFiles/Lab_VI_Interrupt.elf.dir/Drivers/STM32F4xx_HAL_Driver/Src/stm32f4xx_hal_rcc.c.obj
                0x0800113c                HAL_RCC_ClockConfig
 .text.TIM_OC1_SetConfig
                0x0800129c       0x68 CMakeFiles/Lab_VI_Interrupt.elf.dir/Drivers/STM32F4xx_HAL_Driver/Src/stm32f4xx_hal_tim.c.obj
 .text.TIM_OC3_SetConfig
                0x08001304       0x70 CMakeFiles/Lab_VI_Interrupt.elf.dir/Drivers/STM32F4xx_HAL_Driver/Src/stm32f4xx_hal_tim.c.obj
 .text.TIM_OC4_SetConfig
                0x08001374       0x50 CMakeFiles/Lab_VI_Interrupt.elf.dir/Drivers/STM32F4xx_HAL_Driver/Src/stm32f4xx_hal_tim.c.obj
 .text.HAL_TIM_Base_Start
                0x080013c4       0x24 CMakeFiles/Lab_VI_Interrupt.elf.dir/Drivers/STM32F4xx_HAL_Driver/Src/stm32f4xx_hal_tim.c.obj
                0x080013c4                HAL_TIM_Base_Start
 .text.HAL_TIM_PWM_MspInit
                0x080013e8        0x2 CMakeFiles/Lab_VI_Interrupt.elf.dir/Drivers/STM32F4xx_HAL_Driver/Src/stm32f4xx_hal_tim.c.obj
                0x080013e8                HAL_TIM_PWM_MspInit
 *fill*         0x080013ea        0x2 
 .text.TIM_Base_SetConfig
                0x080013ec       0xc8 CMakeFiles/Lab_VI_Interrupt.elf.dir/Drivers/STM32F4xx_HAL_Driver/Src/stm32f4xx_hal_tim.c.obj
                0x080013ec                TIM_Base_SetConfig
 .text.HAL_TIM_Base_Init
                0x080014b4       0x34 CMakeFiles/Lab_VI_Interrupt.elf.dir/Drivers/STM32F4xx_HAL_Driver/Src/stm32f4xx_hal_tim.c.obj
                0x080014b4                HAL_TIM_Base_Init
 .text.HAL_TIM_PWM_Init
                0x080014e8       0x34 CMakeFiles/Lab_VI_Interrupt.elf.dir/Drivers/STM32F4xx_HAL_Driver/Src/stm32f4xx_hal_tim.c.obj
                0x080014e8                HAL_TIM_PWM_Init
 .text.TIM_OC2_SetConfig
                0x0800151c       0x70 CMakeFiles/Lab_VI_Interrupt.elf.dir/Drivers/STM32F4xx_HAL_Driver/Src/stm32f4xx_hal_tim.c.obj
                0x0800151c                TIM_OC2_SetConfig
 .text.HAL_TIM_PWM_ConfigChannel
                0x0800158c       0xdc CMakeFiles/Lab_VI_Interrupt.elf.dir/Drivers/STM32F4xx_HAL_Driver/Src/stm32f4xx_hal_tim.c.obj
                0x0800158c                HAL_TIM_PWM_ConfigChannel
 .text.TIM_CCxChannelCmd
                0x08001668       0x1e CMakeFiles/Lab_VI_Interrupt.elf.dir/Drivers/STM32F4xx_HAL_Driver/Src/stm32f4xx_hal_tim.c.obj
                0x08001668                TIM_CCxChannelCmd
 *fill*         0x08001686        0x2 
 .text.HAL_TIM_PWM_Start
                0x08001688       0x40 CMakeFiles/Lab_VI_Interrupt.elf.dir/Drivers/STM32F4xx_HAL_Driver/Src/stm32f4xx_hal_tim.c.obj
                0x08001688                HAL_TIM_PWM_Start
 .text.__libc_init_array
                0x080016c8       0x48 c:/progra~2/gnuarm~1/102020~1/bin/../lib/gcc/arm-none-eabi/10.2.1/../../../../arm-none-eabi/lib/thumb/v7e-m/nofp\libg.a(lib_a-init.o)
                0x080016c8                __libc_init_array
 .text.memset   0x08001710       0xa4 c:/progra~2/gnuarm~1/102020~1/bin/../lib/gcc/arm-none-eabi/10.2.1/../../../../arm-none-eabi/lib/thumb/v7e-m/nofp\libg.a(lib_a-memset.o)
                0x08001710                memset
 .text.startup.register_fini
                0x080017b4       0x14 c:/progra~2/gnuarm~1/102020~1/bin/../lib/gcc/arm-none-eabi/10.2.1/../../../../arm-none-eabi/lib/thumb/v7e-m/nofp\libg.a(lib_a-__call_atexit.o)
 .text.atexit   0x080017c8        0xc c:/progra~2/gnuarm~1/102020~1/bin/../lib/gcc/arm-none-eabi/10.2.1/../../../../arm-none-eabi/lib/thumb/v7e-m/nofp\libg.a(lib_a-atexit.o)
                0x080017c8                atexit
 .text.__libc_fini_array
                0x080017d4       0x2c c:/progra~2/gnuarm~1/102020~1/bin/../lib/gcc/arm-none-eabi/10.2.1/../../../../arm-none-eabi/lib/thumb/v7e-m/nofp\libg.a(lib_a-fini.o)
                0x080017d4                __libc_fini_array
 .text.__retarget_lock_acquire_recursive
                0x08001800        0x4 c:/progra~2/gnuarm~1/102020~1/bin/../lib/gcc/arm-none-eabi/10.2.1/../../../../arm-none-eabi/lib/thumb/v7e-m/nofp\libg.a(lib_a-lock.o)
                0x08001800                __retarget_lock_acquire_recursive
 .text.__retarget_lock_release_recursive
                0x08001804        0x4 c:/progra~2/gnuarm~1/102020~1/bin/../lib/gcc/arm-none-eabi/10.2.1/../../../../arm-none-eabi/lib/thumb/v7e-m/nofp\libg.a(lib_a-lock.o)
                0x08001804                __retarget_lock_release_recursive
 .text.__register_exitproc
                0x08001808       0x8c c:/progra~2/gnuarm~1/102020~1/bin/../lib/gcc/arm-none-eabi/10.2.1/../../../../arm-none-eabi/lib/thumb/v7e-m/nofp\libg.a(lib_a-__atexit.o)
                0x08001808                __register_exitproc
 *(.glue_7)
 .glue_7        0x08001894        0x0 linker stubs
 *(.glue_7t)
 .glue_7t       0x08001894        0x0 linker stubs
 *(.eh_frame)
 .eh_frame      0x08001894        0x0 c:/progra~2/gnuarm~1/102020~1/bin/../lib/gcc/arm-none-eabi/10.2.1/thumb/v7e-m/nofp/crtbegin.o
 *(.init)
 .init          0x08001894        0x4 c:/progra~2/gnuarm~1/102020~1/bin/../lib/gcc/arm-none-eabi/10.2.1/thumb/v7e-m/nofp/crti.o
                0x08001894                _init
 .init          0x08001898        0x8 c:/progra~2/gnuarm~1/102020~1/bin/../lib/gcc/arm-none-eabi/10.2.1/thumb/v7e-m/nofp/crtn.o
 *(.fini)
 .fini          0x080018a0        0x4 c:/progra~2/gnuarm~1/102020~1/bin/../lib/gcc/arm-none-eabi/10.2.1/thumb/v7e-m/nofp/crti.o
                0x080018a0                _fini
 .fini          0x080018a4        0x8 c:/progra~2/gnuarm~1/102020~1/bin/../lib/gcc/arm-none-eabi/10.2.1/thumb/v7e-m/nofp/crtn.o
                0x080018ac                . = ALIGN (0x4)
                0x080018ac                _etext = .

.vfp11_veneer   0x080018ac        0x0
 .vfp11_veneer  0x080018ac        0x0 linker stubs

.v4_bx          0x080018ac        0x0
 .v4_bx         0x080018ac        0x0 linker stubs

.iplt           0x080018ac        0x0
 .iplt          0x080018ac        0x0 c:/progra~2/gnuarm~1/102020~1/bin/../lib/gcc/arm-none-eabi/10.2.1/thumb/v7e-m/nofp/crtbegin.o

.rodata         0x080018ac       0x14
                0x080018ac                . = ALIGN (0x4)
 *(.rodata)
 *(.rodata*)
 .rodata.AHBPrescTable
                0x080018ac       0x10 CMakeFiles/Lab_VI_Interrupt.elf.dir/Core/Src/system_stm32f4xx.c.obj
                0x080018ac                AHBPrescTable
 .rodata._global_impure_ptr
                0x080018bc        0x4 c:/progra~2/gnuarm~1/102020~1/bin/../lib/gcc/arm-none-eabi/10.2.1/../../../../arm-none-eabi/lib/thumb/v7e-m/nofp\libg.a(lib_a-impure.o)
                0x080018bc                _global_impure_ptr
                0x080018c0                . = ALIGN (0x4)

.ARM.extab      0x080018c0        0x0
                0x080018c0                . = ALIGN (0x4)
 *(.ARM.extab* .gnu.linkonce.armextab.*)
                0x080018c0                . = ALIGN (0x4)

.ARM            0x080018c0        0x8
                0x080018c0                . = ALIGN (0x4)
                0x080018c0                __exidx_start = .
 *(.ARM.exidx*)
 .ARM.exidx     0x080018c0        0x8 c:/progra~2/gnuarm~1/102020~1/bin/../lib/gcc/arm-none-eabi/10.2.1/thumb/v7e-m/nofp\libgcc.a(_udivmoddi4.o)
                0x080018c8                __exidx_end = .
                0x080018c8                . = ALIGN (0x4)

.rel.dyn        0x080018c8        0x0
 .rel.iplt      0x080018c8        0x0 c:/progra~2/gnuarm~1/102020~1/bin/../lib/gcc/arm-none-eabi/10.2.1/thumb/v7e-m/nofp/crtbegin.o

.preinit_array  0x080018c8        0x0
                0x080018c8                . = ALIGN (0x4)
                0x080018c8                PROVIDE (__preinit_array_start = .)
 *(.preinit_array*)
                0x080018c8                PROVIDE (__preinit_array_end = .)
                0x080018c8                . = ALIGN (0x4)

.init_array     0x080018c8        0x8
                0x080018c8                . = ALIGN (0x4)
                0x080018c8                PROVIDE (__init_array_start = .)
 *(SORT_BY_NAME(.init_array.*))
 .init_array.00000
                0x080018c8        0x4 c:/progra~2/gnuarm~1/102020~1/bin/../lib/gcc/arm-none-eabi/10.2.1/../../../../arm-none-eabi/lib/thumb/v7e-m/nofp\libg.a(lib_a-__call_atexit.o)
 *(.init_array*)
 .init_array    0x080018cc        0x4 c:/progra~2/gnuarm~1/102020~1/bin/../lib/gcc/arm-none-eabi/10.2.1/thumb/v7e-m/nofp/crtbegin.o
                0x080018d0                PROVIDE (__init_array_end = .)
                0x080018d0                . = ALIGN (0x4)

.fini_array     0x080018d0        0x4
                0x080018d0                . = ALIGN (0x4)
                0x080018d0                PROVIDE (__fini_array_start = .)
 *(SORT_BY_NAME(.fini_array.*))
 *(.fini_array*)
 .fini_array    0x080018d0        0x4 c:/progra~2/gnuarm~1/102020~1/bin/../lib/gcc/arm-none-eabi/10.2.1/thumb/v7e-m/nofp/crtbegin.o
                0x080018d4                PROVIDE (__fini_array_end = .)
                0x080018d4                . = ALIGN (0x4)
                0x080018d4                _sidata = LOADADDR (.data)

.data           0x20000000      0x47c load address 0x080018d4
                0x20000000                . = ALIGN (0x4)
                0x20000000                _sdata = .
 *(.data)
 *(.data*)
 .data.s_TimerInstance
                0x20000000       0x40 CMakeFiles/Lab_VI_Interrupt.elf.dir/Core/Src/main.c.obj
 .data.SystemCoreClock
                0x20000040        0x4 CMakeFiles/Lab_VI_Interrupt.elf.dir/Core/Src/system_stm32f4xx.c.obj
                0x20000040                SystemCoreClock
 .data.uwTickFreq
                0x20000044        0x1 CMakeFiles/Lab_VI_Interrupt.elf.dir/Drivers/STM32F4xx_HAL_Driver/Src/stm32f4xx_hal.c.obj
                0x20000044                uwTickFreq
 *fill*         0x20000045        0x3 
 .data.uwTickPrio
                0x20000048        0x4 CMakeFiles/Lab_VI_Interrupt.elf.dir/Drivers/STM32F4xx_HAL_Driver/Src/stm32f4xx_hal.c.obj
                0x20000048                uwTickPrio
 *fill*         0x2000004c        0x4 
 .data.impure_data
                0x20000050      0x428 c:/progra~2/gnuarm~1/102020~1/bin/../lib/gcc/arm-none-eabi/10.2.1/../../../../arm-none-eabi/lib/thumb/v7e-m/nofp\libg.a(lib_a-impure.o)
 .data.__atexit_recursive_mutex
                0x20000478        0x4 c:/progra~2/gnuarm~1/102020~1/bin/../lib/gcc/arm-none-eabi/10.2.1/../../../../arm-none-eabi/lib/thumb/v7e-m/nofp\libg.a(lib_a-__call_atexit.o)
                0x20000478                __atexit_recursive_mutex
                0x2000047c                . = ALIGN (0x4)
                0x2000047c                _edata = .

.igot.plt       0x2000047c        0x0 load address 0x08001d50
 .igot.plt      0x2000047c        0x0 c:/progra~2/gnuarm~1/102020~1/bin/../lib/gcc/arm-none-eabi/10.2.1/thumb/v7e-m/nofp/crtbegin.o
                0x2000047c                . = ALIGN (0x4)

.bss            0x2000047c       0x28 load address 0x08001d50
                0x2000047c                _sbss = .
                0x2000047c                __bss_start__ = _sbss
 *(.bss)
 .bss           0x2000047c       0x1c c:/progra~2/gnuarm~1/102020~1/bin/../lib/gcc/arm-none-eabi/10.2.1/thumb/v7e-m/nofp/crtbegin.o
 *(.bss*)
 .bss.changeFlag
                0x20000498        0x1 CMakeFiles/Lab_VI_Interrupt.elf.dir/Core/Src/main.c.obj
                0x20000498                changeFlag
 *fill*         0x20000499        0x3 
 .bss.uwTick    0x2000049c        0x4 CMakeFiles/Lab_VI_Interrupt.elf.dir/Drivers/STM32F4xx_HAL_Driver/Src/stm32f4xx_hal.c.obj
                0x2000049c                uwTick
 .bss.__lock___atexit_recursive_mutex
                0x200004a0        0x1 c:/progra~2/gnuarm~1/102020~1/bin/../lib/gcc/arm-none-eabi/10.2.1/../../../../arm-none-eabi/lib/thumb/v7e-m/nofp\libg.a(lib_a-lock.o)
                0x200004a0                __lock___atexit_recursive_mutex
 *(COMMON)
                0x200004a4                . = ALIGN (0x4)
 *fill*         0x200004a1        0x3 
                0x200004a4                _ebss = .
                0x200004a4                __bss_end__ = _ebss

._user_heap_stack
                0x200004a4      0x604 load address 0x08001d50
                0x200004a8                . = ALIGN (0x8)
 *fill*         0x200004a4        0x4 
                [!provide]                PROVIDE (end = .)
                0x200004a8                PROVIDE (_end = .)
                0x200006a8                . = (. + _Min_Heap_Size)
 *fill*         0x200004a8      0x200 
                0x20000aa8                . = (. + _Min_Stack_Size)
 *fill*         0x200006a8      0x400 
                0x20000aa8                . = ALIGN (0x8)

/DISCARD/
 libc.a(*)
 libm.a(*)
 libgcc.a(*)

.ARM.attributes
                0x00000000       0x2a
 *(.ARM.attributes)
 .ARM.attributes
                0x00000000       0x1e c:/progra~2/gnuarm~1/102020~1/bin/../lib/gcc/arm-none-eabi/10.2.1/thumb/v7e-m/nofp/crti.o
 .ARM.attributes
                0x0000001e       0x2e c:/progra~2/gnuarm~1/102020~1/bin/../lib/gcc/arm-none-eabi/10.2.1/thumb/v7e-m/nofp/crtbegin.o
 .ARM.attributes
                0x0000004c       0x2e CMakeFiles/Lab_VI_Interrupt.elf.dir/Core/Src/main.c.obj
 .ARM.attributes
                0x0000007a       0x2e CMakeFiles/Lab_VI_Interrupt.elf.dir/Core/Src/stm32f4xx_hal_msp.c.obj
 .ARM.attributes
                0x000000a8       0x2e CMakeFiles/Lab_VI_Interrupt.elf.dir/Core/Src/stm32f4xx_it.c.obj
 .ARM.attributes
                0x000000d6       0x2e CMakeFiles/Lab_VI_Interrupt.elf.dir/Core/Src/system_stm32f4xx.c.obj
 .ARM.attributes
                0x00000104       0x21 CMakeFiles/Lab_VI_Interrupt.elf.dir/Core/Startup/startup_stm32f407vgtx.s.obj
 .ARM.attributes
                0x00000125       0x2e CMakeFiles/Lab_VI_Interrupt.elf.dir/Drivers/STM32F4xx_HAL_Driver/Src/stm32f4xx_hal.c.obj
 .ARM.attributes
                0x00000153       0x2e CMakeFiles/Lab_VI_Interrupt.elf.dir/Drivers/STM32F4xx_HAL_Driver/Src/stm32f4xx_hal_cortex.c.obj
 .ARM.attributes
                0x00000181       0x2e CMakeFiles/Lab_VI_Interrupt.elf.dir/Drivers/STM32F4xx_HAL_Driver/Src/stm32f4xx_hal_gpio.c.obj
 .ARM.attributes
                0x000001af       0x2e CMakeFiles/Lab_VI_Interrupt.elf.dir/Drivers/STM32F4xx_HAL_Driver/Src/stm32f4xx_hal_rcc.c.obj
 .ARM.attributes
                0x000001dd       0x2e CMakeFiles/Lab_VI_Interrupt.elf.dir/Drivers/STM32F4xx_HAL_Driver/Src/stm32f4xx_hal_tim.c.obj
 .ARM.attributes
                0x0000020b       0x1e c:/progra~2/gnuarm~1/102020~1/bin/../lib/gcc/arm-none-eabi/10.2.1/thumb/v7e-m/nofp\libgcc.a(_aeabi_uldivmod.o)
 .ARM.attributes
                0x00000229       0x2e c:/progra~2/gnuarm~1/102020~1/bin/../lib/gcc/arm-none-eabi/10.2.1/thumb/v7e-m/nofp\libgcc.a(_udivmoddi4.o)
 .ARM.attributes
                0x00000257       0x1e c:/progra~2/gnuarm~1/102020~1/bin/../lib/gcc/arm-none-eabi/10.2.1/thumb/v7e-m/nofp\libgcc.a(_dvmd_tls.o)
 .ARM.attributes
                0x00000275       0x2e c:/progra~2/gnuarm~1/102020~1/bin/../lib/gcc/arm-none-eabi/10.2.1/../../../../arm-none-eabi/lib/thumb/v7e-m/nofp\libg.a(lib_a-impure.o)
 .ARM.attributes
                0x000002a3       0x2e c:/progra~2/gnuarm~1/102020~1/bin/../lib/gcc/arm-none-eabi/10.2.1/../../../../arm-none-eabi/lib/thumb/v7e-m/nofp\libg.a(lib_a-init.o)
 .ARM.attributes
                0x000002d1       0x2e c:/progra~2/gnuarm~1/102020~1/bin/../lib/gcc/arm-none-eabi/10.2.1/../../../../arm-none-eabi/lib/thumb/v7e-m/nofp\libg.a(lib_a-memset.o)
 .ARM.attributes
                0x000002ff       0x2e c:/progra~2/gnuarm~1/102020~1/bin/../lib/gcc/arm-none-eabi/10.2.1/../../../../arm-none-eabi/lib/thumb/v7e-m/nofp\libg.a(lib_a-__call_atexit.o)
 .ARM.attributes
                0x0000032d       0x2e c:/progra~2/gnuarm~1/102020~1/bin/../lib/gcc/arm-none-eabi/10.2.1/../../../../arm-none-eabi/lib/thumb/v7e-m/nofp\libg.a(lib_a-atexit.o)
 .ARM.attributes
                0x0000035b       0x2e c:/progra~2/gnuarm~1/102020~1/bin/../lib/gcc/arm-none-eabi/10.2.1/../../../../arm-none-eabi/lib/thumb/v7e-m/nofp\libg.a(lib_a-fini.o)
 .ARM.attributes
                0x00000389       0x2e c:/progra~2/gnuarm~1/102020~1/bin/../lib/gcc/arm-none-eabi/10.2.1/../../../../arm-none-eabi/lib/thumb/v7e-m/nofp\libg.a(lib_a-lock.o)
 .ARM.attributes
                0x000003b7       0x2e c:/progra~2/gnuarm~1/102020~1/bin/../lib/gcc/arm-none-eabi/10.2.1/../../../../arm-none-eabi/lib/thumb/v7e-m/nofp\libg.a(lib_a-__atexit.o)
 .ARM.attributes
                0x000003e5       0x1e c:/progra~2/gnuarm~1/102020~1/bin/../lib/gcc/arm-none-eabi/10.2.1/thumb/v7e-m/nofp/crtn.o
OUTPUT(Lab_VI_Interrupt.elf elf32-littlearm)
LOAD linker stubs
LOAD c:/progra~2/gnuarm~1/102020~1/bin/../lib/gcc/arm-none-eabi/10.2.1/../../../../arm-none-eabi/lib/thumb/v7e-m/nofp\libc.a
LOAD c:/progra~2/gnuarm~1/102020~1/bin/../lib/gcc/arm-none-eabi/10.2.1/../../../../arm-none-eabi/lib/thumb/v7e-m/nofp\libm.a
LOAD c:/progra~2/gnuarm~1/102020~1/bin/../lib/gcc/arm-none-eabi/10.2.1/thumb/v7e-m/nofp\libgcc.a

.debug_info     0x00000000     0x86ad
 .debug_info    0x00000000     0x12e2 CMakeFiles/Lab_VI_Interrupt.elf.dir/Core/Src/main.c.obj
 .debug_info    0x000012e2      0x9f9 CMakeFiles/Lab_VI_Interrupt.elf.dir/Core/Src/stm32f4xx_hal_msp.c.obj
 .debug_info    0x00001cdb      0x179 CMakeFiles/Lab_VI_Interrupt.elf.dir/Core/Src/stm32f4xx_it.c.obj
 .debug_info    0x00001e54      0x538 CMakeFiles/Lab_VI_Interrupt.elf.dir/Core/Src/system_stm32f4xx.c.obj
 .debug_info    0x0000238c       0x22 CMakeFiles/Lab_VI_Interrupt.elf.dir/Core/Startup/startup_stm32f407vgtx.s.obj
 .debug_info    0x000023ae      0x9f0 CMakeFiles/Lab_VI_Interrupt.elf.dir/Drivers/STM32F4xx_HAL_Driver/Src/stm32f4xx_hal.c.obj
 .debug_info    0x00002d9e     0x1098 CMakeFiles/Lab_VI_Interrupt.elf.dir/Drivers/STM32F4xx_HAL_Driver/Src/stm32f4xx_hal_cortex.c.obj
 .debug_info    0x00003e36      0x79b CMakeFiles/Lab_VI_Interrupt.elf.dir/Drivers/STM32F4xx_HAL_Driver/Src/stm32f4xx_hal_gpio.c.obj
 .debug_info    0x000045d1      0xb03 CMakeFiles/Lab_VI_Interrupt.elf.dir/Drivers/STM32F4xx_HAL_Driver/Src/stm32f4xx_hal_rcc.c.obj
 .debug_info    0x000050d4     0x35d9 CMakeFiles/Lab_VI_Interrupt.elf.dir/Drivers/STM32F4xx_HAL_Driver/Src/stm32f4xx_hal_tim.c.obj

.debug_abbrev   0x00000000     0x120a
 .debug_abbrev  0x00000000      0x261 CMakeFiles/Lab_VI_Interrupt.elf.dir/Core/Src/main.c.obj
 .debug_abbrev  0x00000261      0x1c6 CMakeFiles/Lab_VI_Interrupt.elf.dir/Core/Src/stm32f4xx_hal_msp.c.obj
 .debug_abbrev  0x00000427       0xa4 CMakeFiles/Lab_VI_Interrupt.elf.dir/Core/Src/stm32f4xx_it.c.obj
 .debug_abbrev  0x000004cb      0x119 CMakeFiles/Lab_VI_Interrupt.elf.dir/Core/Src/system_stm32f4xx.c.obj
 .debug_abbrev  0x000005e4       0x12 CMakeFiles/Lab_VI_Interrupt.elf.dir/Core/Startup/startup_stm32f407vgtx.s.obj
 .debug_abbrev  0x000005f6      0x206 CMakeFiles/Lab_VI_Interrupt.elf.dir/Drivers/STM32F4xx_HAL_Driver/Src/stm32f4xx_hal.c.obj
 .debug_abbrev  0x000007fc      0x36a CMakeFiles/Lab_VI_Interrupt.elf.dir/Drivers/STM32F4xx_HAL_Driver/Src/stm32f4xx_hal_cortex.c.obj
 .debug_abbrev  0x00000b66      0x1ef CMakeFiles/Lab_VI_Interrupt.elf.dir/Drivers/STM32F4xx_HAL_Driver/Src/stm32f4xx_hal_gpio.c.obj
 .debug_abbrev  0x00000d55      0x28a CMakeFiles/Lab_VI_Interrupt.elf.dir/Drivers/STM32F4xx_HAL_Driver/Src/stm32f4xx_hal_rcc.c.obj
 .debug_abbrev  0x00000fdf      0x22b CMakeFiles/Lab_VI_Interrupt.elf.dir/Drivers/STM32F4xx_HAL_Driver/Src/stm32f4xx_hal_tim.c.obj

.debug_loc      0x00000000     0x505c
 .debug_loc     0x00000000       0xa6 CMakeFiles/Lab_VI_Interrupt.elf.dir/Core/Src/main.c.obj
 .debug_loc     0x000000a6       0x42 CMakeFiles/Lab_VI_Interrupt.elf.dir/Core/Src/stm32f4xx_hal_msp.c.obj
 .debug_loc     0x000000e8      0x158 CMakeFiles/Lab_VI_Interrupt.elf.dir/Core/Src/system_stm32f4xx.c.obj
 .debug_loc     0x00000240      0x141 CMakeFiles/Lab_VI_Interrupt.elf.dir/Drivers/STM32F4xx_HAL_Driver/Src/stm32f4xx_hal.c.obj
 .debug_loc     0x00000381      0x744 CMakeFiles/Lab_VI_Interrupt.elf.dir/Drivers/STM32F4xx_HAL_Driver/Src/stm32f4xx_hal_cortex.c.obj
 .debug_loc     0x00000ac5      0x4ff CMakeFiles/Lab_VI_Interrupt.elf.dir/Drivers/STM32F4xx_HAL_Driver/Src/stm32f4xx_hal_gpio.c.obj
 .debug_loc     0x00000fc4      0x58c CMakeFiles/Lab_VI_Interrupt.elf.dir/Drivers/STM32F4xx_HAL_Driver/Src/stm32f4xx_hal_rcc.c.obj
 .debug_loc     0x00001550     0x3b0c CMakeFiles/Lab_VI_Interrupt.elf.dir/Drivers/STM32F4xx_HAL_Driver/Src/stm32f4xx_hal_tim.c.obj

.debug_aranges  0x00000000      0x770
 .debug_aranges
                0x00000000       0x60 CMakeFiles/Lab_VI_Interrupt.elf.dir/Core/Src/main.c.obj
 .debug_aranges
                0x00000060       0x38 CMakeFiles/Lab_VI_Interrupt.elf.dir/Core/Src/stm32f4xx_hal_msp.c.obj
 .debug_aranges
                0x00000098       0x68 CMakeFiles/Lab_VI_Interrupt.elf.dir/Core/Src/stm32f4xx_it.c.obj
 .debug_aranges
                0x00000100       0x28 CMakeFiles/Lab_VI_Interrupt.elf.dir/Core/Src/system_stm32f4xx.c.obj
 .debug_aranges
                0x00000128       0x28 CMakeFiles/Lab_VI_Interrupt.elf.dir/Core/Startup/startup_stm32f407vgtx.s.obj
 .debug_aranges
                0x00000150       0xf0 CMakeFiles/Lab_VI_Interrupt.elf.dir/Drivers/STM32F4xx_HAL_Driver/Src/stm32f4xx_hal.c.obj
 .debug_aranges
                0x00000240       0xa8 CMakeFiles/Lab_VI_Interrupt.elf.dir/Drivers/STM32F4xx_HAL_Driver/Src/stm32f4xx_hal_cortex.c.obj
 .debug_aranges
                0x000002e8       0x58 CMakeFiles/Lab_VI_Interrupt.elf.dir/Drivers/STM32F4xx_HAL_Driver/Src/stm32f4xx_hal_gpio.c.obj
 .debug_aranges
                0x00000340       0x88 CMakeFiles/Lab_VI_Interrupt.elf.dir/Drivers/STM32F4xx_HAL_Driver/Src/stm32f4xx_hal_rcc.c.obj
 .debug_aranges
                0x000003c8      0x3a8 CMakeFiles/Lab_VI_Interrupt.elf.dir/Drivers/STM32F4xx_HAL_Driver/Src/stm32f4xx_hal_tim.c.obj

.debug_ranges   0x00000000      0x750
 .debug_ranges  0x00000000       0x50 CMakeFiles/Lab_VI_Interrupt.elf.dir/Core/Src/main.c.obj
 .debug_ranges  0x00000050       0x28 CMakeFiles/Lab_VI_Interrupt.elf.dir/Core/Src/stm32f4xx_hal_msp.c.obj
 .debug_ranges  0x00000078       0x58 CMakeFiles/Lab_VI_Interrupt.elf.dir/Core/Src/stm32f4xx_it.c.obj
 .debug_ranges  0x000000d0       0x18 CMakeFiles/Lab_VI_Interrupt.elf.dir/Core/Src/system_stm32f4xx.c.obj
 .debug_ranges  0x000000e8       0x20 CMakeFiles/Lab_VI_Interrupt.elf.dir/Core/Startup/startup_stm32f407vgtx.s.obj
 .debug_ranges  0x00000108       0xe0 CMakeFiles/Lab_VI_Interrupt.elf.dir/Drivers/STM32F4xx_HAL_Driver/Src/stm32f4xx_hal.c.obj
 .debug_ranges  0x000001e8       0xf8 CMakeFiles/Lab_VI_Interrupt.elf.dir/Drivers/STM32F4xx_HAL_Driver/Src/stm32f4xx_hal_cortex.c.obj
 .debug_ranges  0x000002e0       0x48 CMakeFiles/Lab_VI_Interrupt.elf.dir/Drivers/STM32F4xx_HAL_Driver/Src/stm32f4xx_hal_gpio.c.obj
 .debug_ranges  0x00000328       0x90 CMakeFiles/Lab_VI_Interrupt.elf.dir/Drivers/STM32F4xx_HAL_Driver/Src/stm32f4xx_hal_rcc.c.obj
 .debug_ranges  0x000003b8      0x398 CMakeFiles/Lab_VI_Interrupt.elf.dir/Drivers/STM32F4xx_HAL_Driver/Src/stm32f4xx_hal_tim.c.obj

.debug_line     0x00000000     0x697e
 .debug_line    0x00000000      0x739 CMakeFiles/Lab_VI_Interrupt.elf.dir/Core/Src/main.c.obj
 .debug_line    0x00000739      0x338 CMakeFiles/Lab_VI_Interrupt.elf.dir/Core/Src/stm32f4xx_hal_msp.c.obj
 .debug_line    0x00000a71      0x2bd CMakeFiles/Lab_VI_Interrupt.elf.dir/Core/Src/stm32f4xx_it.c.obj
 .debug_line    0x00000d2e      0x2e6 CMakeFiles/Lab_VI_Interrupt.elf.dir/Core/Src/system_stm32f4xx.c.obj
 .debug_line    0x00001014       0xc2 CMakeFiles/Lab_VI_Interrupt.elf.dir/Core/Startup/startup_stm32f407vgtx.s.obj
 .debug_line    0x000010d6      0x63b CMakeFiles/Lab_VI_Interrupt.elf.dir/Drivers/STM32F4xx_HAL_Driver/Src/stm32f4xx_hal.c.obj
 .debug_line    0x00001711      0x84e CMakeFiles/Lab_VI_Interrupt.elf.dir/Drivers/STM32F4xx_HAL_Driver/Src/stm32f4xx_hal_cortex.c.obj
 .debug_line    0x00001f5f      0x772 CMakeFiles/Lab_VI_Interrupt.elf.dir/Drivers/STM32F4xx_HAL_Driver/Src/stm32f4xx_hal_gpio.c.obj
 .debug_line    0x000026d1      0xba8 CMakeFiles/Lab_VI_Interrupt.elf.dir/Drivers/STM32F4xx_HAL_Driver/Src/stm32f4xx_hal_rcc.c.obj
 .debug_line    0x00003279     0x3705 CMakeFiles/Lab_VI_Interrupt.elf.dir/Drivers/STM32F4xx_HAL_Driver/Src/stm32f4xx_hal_tim.c.obj

.debug_str      0x00000000     0x2c7c
 .debug_str     0x00000000     0x1010 CMakeFiles/Lab_VI_Interrupt.elf.dir/Core/Src/main.c.obj
                               0x10b5 (size before relaxing)
 .debug_str     0x00001010       0xd1 CMakeFiles/Lab_VI_Interrupt.elf.dir/Core/Src/stm32f4xx_hal_msp.c.obj
                                0x84e (size before relaxing)
 .debug_str     0x000010e1      0x11e CMakeFiles/Lab_VI_Interrupt.elf.dir/Core/Src/stm32f4xx_it.c.obj
                                0x2d9 (size before relaxing)
 .debug_str     0x000011ff      0x118 CMakeFiles/Lab_VI_Interrupt.elf.dir/Core/Src/system_stm32f4xx.c.obj
                                0x3e1 (size before relaxing)
 .debug_str     0x00001317       0x73 CMakeFiles/Lab_VI_Interrupt.elf.dir/Core/Startup/startup_stm32f407vgtx.s.obj
                                 0xc5 (size before relaxing)
 .debug_str     0x0000138a      0x377 CMakeFiles/Lab_VI_Interrupt.elf.dir/Drivers/STM32F4xx_HAL_Driver/Src/stm32f4xx_hal.c.obj
                                0xbc6 (size before relaxing)
 .debug_str     0x00001701      0x48d CMakeFiles/Lab_VI_Interrupt.elf.dir/Drivers/STM32F4xx_HAL_Driver/Src/stm32f4xx_hal_cortex.c.obj
                                0xc98 (size before relaxing)
 .debug_str     0x00001b8e      0x16a CMakeFiles/Lab_VI_Interrupt.elf.dir/Drivers/STM32F4xx_HAL_Driver/Src/stm32f4xx_hal_gpio.c.obj
                                0x54c (size before relaxing)
 .debug_str     0x00001cf8      0x1e1 CMakeFiles/Lab_VI_Interrupt.elf.dir/Drivers/STM32F4xx_HAL_Driver/Src/stm32f4xx_hal_rcc.c.obj
                                0x772 (size before relaxing)
 .debug_str     0x00001ed9      0xda3 CMakeFiles/Lab_VI_Interrupt.elf.dir/Drivers/STM32F4xx_HAL_Driver/Src/stm32f4xx_hal_tim.c.obj
                               0x1517 (size before relaxing)

.comment        0x00000000       0x4d
 .comment       0x00000000       0x4d CMakeFiles/Lab_VI_Interrupt.elf.dir/Core/Src/main.c.obj
                                 0x4e (size before relaxing)
 .comment       0x0000004d       0x4e CMakeFiles/Lab_VI_Interrupt.elf.dir/Core/Src/stm32f4xx_hal_msp.c.obj
 .comment       0x0000004d       0x4e CMakeFiles/Lab_VI_Interrupt.elf.dir/Core/Src/stm32f4xx_it.c.obj
 .comment       0x0000004d       0x4e CMakeFiles/Lab_VI_Interrupt.elf.dir/Core/Src/system_stm32f4xx.c.obj
 .comment       0x0000004d       0x4e CMakeFiles/Lab_VI_Interrupt.elf.dir/Drivers/STM32F4xx_HAL_Driver/Src/stm32f4xx_hal.c.obj
 .comment       0x0000004d       0x4e CMakeFiles/Lab_VI_Interrupt.elf.dir/Drivers/STM32F4xx_HAL_Driver/Src/stm32f4xx_hal_cortex.c.obj
 .comment       0x0000004d       0x4e CMakeFiles/Lab_VI_Interrupt.elf.dir/Drivers/STM32F4xx_HAL_Driver/Src/stm32f4xx_hal_gpio.c.obj
 .comment       0x0000004d       0x4e CMakeFiles/Lab_VI_Interrupt.elf.dir/Drivers/STM32F4xx_HAL_Driver/Src/stm32f4xx_hal_rcc.c.obj
 .comment       0x0000004d       0x4e CMakeFiles/Lab_VI_Interrupt.elf.dir/Drivers/STM32F4xx_HAL_Driver/Src/stm32f4xx_hal_tim.c.obj

.debug_frame    0x00000000     0x14a0
 .debug_frame   0x00000000      0x110 CMakeFiles/Lab_VI_Interrupt.elf.dir/Core/Src/main.c.obj
 .debug_frame   0x00000110       0x74 CMakeFiles/Lab_VI_Interrupt.elf.dir/Core/Src/stm32f4xx_hal_msp.c.obj
 .debug_frame   0x00000184       0xc0 CMakeFiles/Lab_VI_Interrupt.elf.dir/Core/Src/stm32f4xx_it.c.obj
 .debug_frame   0x00000244       0x30 CMakeFiles/Lab_VI_Interrupt.elf.dir/Core/Src/system_stm32f4xx.c.obj
 .debug_frame   0x00000274      0x1ec CMakeFiles/Lab_VI_Interrupt.elf.dir/Drivers/STM32F4xx_HAL_Driver/Src/stm32f4xx_hal.c.obj
 .debug_frame   0x00000460      0x148 CMakeFiles/Lab_VI_Interrupt.elf.dir/Drivers/STM32F4xx_HAL_Driver/Src/stm32f4xx_hal_cortex.c.obj
 .debug_frame   0x000005a8       0xd8 CMakeFiles/Lab_VI_Interrupt.elf.dir/Drivers/STM32F4xx_HAL_Driver/Src/stm32f4xx_hal_gpio.c.obj
 .debug_frame   0x00000680      0x16c CMakeFiles/Lab_VI_Interrupt.elf.dir/Drivers/STM32F4xx_HAL_Driver/Src/stm32f4xx_hal_rcc.c.obj
 .debug_frame   0x000007ec      0xa68 CMakeFiles/Lab_VI_Interrupt.elf.dir/Drivers/STM32F4xx_HAL_Driver/Src/stm32f4xx_hal_tim.c.obj
 .debug_frame   0x00001254       0x2c c:/progra~2/gnuarm~1/102020~1/bin/../lib/gcc/arm-none-eabi/10.2.1/thumb/v7e-m/nofp\libgcc.a(_aeabi_uldivmod.o)
 .debug_frame   0x00001280       0x34 c:/progra~2/gnuarm~1/102020~1/bin/../lib/gcc/arm-none-eabi/10.2.1/thumb/v7e-m/nofp\libgcc.a(_udivmoddi4.o)
 .debug_frame   0x000012b4       0x2c c:/progra~2/gnuarm~1/102020~1/bin/../lib/gcc/arm-none-eabi/10.2.1/../../../../arm-none-eabi/lib/thumb/v7e-m/nofp\libg.a(lib_a-init.o)
 .debug_frame   0x000012e0       0x2c c:/progra~2/gnuarm~1/102020~1/bin/../lib/gcc/arm-none-eabi/10.2.1/../../../../arm-none-eabi/lib/thumb/v7e-m/nofp\libg.a(lib_a-memset.o)
 .debug_frame   0x0000130c       0x5c c:/progra~2/gnuarm~1/102020~1/bin/../lib/gcc/arm-none-eabi/10.2.1/../../../../arm-none-eabi/lib/thumb/v7e-m/nofp\libg.a(lib_a-__call_atexit.o)
 .debug_frame   0x00001368       0x20 c:/progra~2/gnuarm~1/102020~1/bin/../lib/gcc/arm-none-eabi/10.2.1/../../../../arm-none-eabi/lib/thumb/v7e-m/nofp\libg.a(lib_a-atexit.o)
 .debug_frame   0x00001388       0x34 c:/progra~2/gnuarm~1/102020~1/bin/../lib/gcc/arm-none-eabi/10.2.1/../../../../arm-none-eabi/lib/thumb/v7e-m/nofp\libg.a(lib_a-fini.o)
 .debug_frame   0x000013bc       0xb0 c:/progra~2/gnuarm~1/102020~1/bin/../lib/gcc/arm-none-eabi/10.2.1/../../../../arm-none-eabi/lib/thumb/v7e-m/nofp\libg.a(lib_a-lock.o)
 .debug_frame   0x0000146c       0x34 c:/progra~2/gnuarm~1/102020~1/bin/../lib/gcc/arm-none-eabi/10.2.1/../../../../arm-none-eabi/lib/thumb/v7e-m/nofp\libg.a(lib_a-__atexit.o)
