Archive member included to satisfy reference by file (symbol)

c:/progra~2/gnuarm~1/102020~1/bin/../lib/gcc/arm-none-eabi/10.2.1/thumb/v7e-m/nofp\libgcc.a(_aeabi_uldivmod.o)
                              CMakeFiles/Lab_III_Timer.elf.dir/Drivers/STM32F4xx_HAL_Driver/Src/stm32f4xx_hal_rcc.c.obj (__aeabi_uldivmod)
c:/progra~2/gnuarm~1/102020~1/bin/../lib/gcc/arm-none-eabi/10.2.1/thumb/v7e-m/nofp\libgcc.a(_udivmoddi4.o)
                              c:/progra~2/gnuarm~1/102020~1/bin/../lib/gcc/arm-none-eabi/10.2.1/thumb/v7e-m/nofp\libgcc.a(_aeabi_uldivmod.o) (__udivmoddi4)
c:/progra~2/gnuarm~1/102020~1/bin/../lib/gcc/arm-none-eabi/10.2.1/thumb/v7e-m/nofp\libgcc.a(_dvmd_tls.o)
                              c:/progra~2/gnuarm~1/102020~1/bin/../lib/gcc/arm-none-eabi/10.2.1/thumb/v7e-m/nofp\libgcc.a(_aeabi_uldivmod.o) (__aeabi_ldiv0)
c:/progra~2/gnuarm~1/102020~1/bin/../lib/gcc/arm-none-eabi/10.2.1/../../../../arm-none-eabi/lib/thumb/v7e-m/nofp\libg.a(lib_a-errno.o)
                              CMakeFiles/Lab_III_Timer.elf.dir/Core/Src/syscalls.c.obj (__errno)
c:/progra~2/gnuarm~1/102020~1/bin/../lib/gcc/arm-none-eabi/10.2.1/../../../../arm-none-eabi/lib/thumb/v7e-m/nofp\libg.a(lib_a-exit.o)
                              c:/progra~2/gnuarm~1/102020~1/bin/../lib/gcc/arm-none-eabi/10.2.1/../../../../arm-none-eabi/lib/thumb/v7e-m/nofp/crt0.o (exit)
c:/progra~2/gnuarm~1/102020~1/bin/../lib/gcc/arm-none-eabi/10.2.1/../../../../arm-none-eabi/lib/thumb/v7e-m/nofp\libg.a(lib_a-impure.o)
                              c:/progra~2/gnuarm~1/102020~1/bin/../lib/gcc/arm-none-eabi/10.2.1/../../../../arm-none-eabi/lib/thumb/v7e-m/nofp\libg.a(lib_a-exit.o) (_global_impure_ptr)
c:/progra~2/gnuarm~1/102020~1/bin/../lib/gcc/arm-none-eabi/10.2.1/../../../../arm-none-eabi/lib/thumb/v7e-m/nofp\libg.a(lib_a-init.o)
                              c:/progra~2/gnuarm~1/102020~1/bin/../lib/gcc/arm-none-eabi/10.2.1/../../../../arm-none-eabi/lib/thumb/v7e-m/nofp/crt0.o (__libc_init_array)
c:/progra~2/gnuarm~1/102020~1/bin/../lib/gcc/arm-none-eabi/10.2.1/../../../../arm-none-eabi/lib/thumb/v7e-m/nofp\libg.a(lib_a-memset.o)
                              c:/progra~2/gnuarm~1/102020~1/bin/../lib/gcc/arm-none-eabi/10.2.1/../../../../arm-none-eabi/lib/thumb/v7e-m/nofp/crt0.o (memset)
c:/progra~2/gnuarm~1/102020~1/bin/../lib/gcc/arm-none-eabi/10.2.1/../../../../arm-none-eabi/lib/thumb/v7e-m/nofp\libg.a(lib_a-__call_atexit.o)
                              c:/progra~2/gnuarm~1/102020~1/bin/../lib/gcc/arm-none-eabi/10.2.1/../../../../arm-none-eabi/lib/thumb/v7e-m/nofp\libg.a(lib_a-exit.o) (__call_exitprocs)
c:/progra~2/gnuarm~1/102020~1/bin/../lib/gcc/arm-none-eabi/10.2.1/../../../../arm-none-eabi/lib/thumb/v7e-m/nofp\libg.a(lib_a-atexit.o)
                              c:/progra~2/gnuarm~1/102020~1/bin/../lib/gcc/arm-none-eabi/10.2.1/../../../../arm-none-eabi/lib/thumb/v7e-m/nofp\libg.a(lib_a-__call_atexit.o) (atexit)
c:/progra~2/gnuarm~1/102020~1/bin/../lib/gcc/arm-none-eabi/10.2.1/../../../../arm-none-eabi/lib/thumb/v7e-m/nofp\libg.a(lib_a-fini.o)
                              c:/progra~2/gnuarm~1/102020~1/bin/../lib/gcc/arm-none-eabi/10.2.1/../../../../arm-none-eabi/lib/thumb/v7e-m/nofp\libg.a(lib_a-__call_atexit.o) (__libc_fini_array)
c:/progra~2/gnuarm~1/102020~1/bin/../lib/gcc/arm-none-eabi/10.2.1/../../../../arm-none-eabi/lib/thumb/v7e-m/nofp\libg.a(lib_a-lock.o)
                              c:/progra~2/gnuarm~1/102020~1/bin/../lib/gcc/arm-none-eabi/10.2.1/../../../../arm-none-eabi/lib/thumb/v7e-m/nofp\libg.a(lib_a-__call_atexit.o) (__retarget_lock_acquire_recursive)
c:/progra~2/gnuarm~1/102020~1/bin/../lib/gcc/arm-none-eabi/10.2.1/../../../../arm-none-eabi/lib/thumb/v7e-m/nofp\libg.a(lib_a-__atexit.o)
                              c:/progra~2/gnuarm~1/102020~1/bin/../lib/gcc/arm-none-eabi/10.2.1/../../../../arm-none-eabi/lib/thumb/v7e-m/nofp\libg.a(lib_a-atexit.o) (__register_exitproc)

Discarded input sections

 .text          0x00000000        0x0 c:/progra~2/gnuarm~1/102020~1/bin/../lib/gcc/arm-none-eabi/10.2.1/thumb/v7e-m/nofp/crti.o
 .data          0x00000000        0x0 c:/progra~2/gnuarm~1/102020~1/bin/../lib/gcc/arm-none-eabi/10.2.1/thumb/v7e-m/nofp/crti.o
 .bss           0x00000000        0x0 c:/progra~2/gnuarm~1/102020~1/bin/../lib/gcc/arm-none-eabi/10.2.1/thumb/v7e-m/nofp/crti.o
 .data          0x00000000        0x4 c:/progra~2/gnuarm~1/102020~1/bin/../lib/gcc/arm-none-eabi/10.2.1/thumb/v7e-m/nofp/crtbegin.o
 .rodata        0x00000000       0x24 c:/progra~2/gnuarm~1/102020~1/bin/../lib/gcc/arm-none-eabi/10.2.1/thumb/v7e-m/nofp/crtbegin.o
 .text          0x00000000       0x7c c:/progra~2/gnuarm~1/102020~1/bin/../lib/gcc/arm-none-eabi/10.2.1/../../../../arm-none-eabi/lib/thumb/v7e-m/nofp/crt0.o
 .data          0x00000000        0x0 c:/progra~2/gnuarm~1/102020~1/bin/../lib/gcc/arm-none-eabi/10.2.1/../../../../arm-none-eabi/lib/thumb/v7e-m/nofp/crt0.o
[...]
Memory Configuration

Name             Origin             Length             Attributes
CCMRAM           0x10000000         0x00010000         xrw
RAM              0x20000000         0x00020000         xrw
FLASH            0x08000000         0x00100000         xr
*default*        0x00000000         0xffffffff

Linker script and memory map

LOAD c:/progra~2/gnuarm~1/102020~1/bin/../lib/gcc/arm-none-eabi/10.2.1/thumb/v7e-m/nofp/crti.o
LOAD c:/progra~2/gnuarm~1/102020~1/bin/../lib/gcc/arm-none-eabi/10.2.1/thumb/v7e-m/nofp/crtbegin.o
LOAD c:/progra~2/gnuarm~1/102020~1/bin/../lib/gcc/arm-none-eabi/10.2.1/../../../../arm-none-eabi/lib/thumb/v7e-m/nofp/crt0.o
LOAD CMakeFiles/Lab_III_Timer.elf.dir/Core/Src/main.c.obj
LOAD CMakeFiles/Lab_III_Timer.elf.dir/Core/Src/stm32f4xx_hal_msp.c.obj
LOAD CMakeFiles/Lab_III_Timer.elf.dir/Core/Src/stm32f4xx_it.c.obj
LOAD CMakeFiles/Lab_III_Timer.elf.dir/Core/Src/syscalls.c.obj
LOAD CMakeFiles/Lab_III_Timer.elf.dir/Core/Src/sysmem.c.obj
LOAD CMakeFiles/Lab_III_Timer.elf.dir/Core/Src/system_stm32f4xx.c.obj
LOAD CMakeFiles/Lab_III_Timer.elf.dir/Core/Startup/startup_stm32f407vgtx.s.obj
LOAD CMakeFiles/Lab_III_Timer.elf.dir/Drivers/STM32F4xx_HAL_Driver/Src/stm32f4xx_hal.c.obj
LOAD CMakeFiles/Lab_III_Timer.elf.dir/Drivers/STM32F4xx_HAL_Driver/Src/stm32f4xx_hal_cortex.c.obj
LOAD CMakeFiles/Lab_III_Timer.elf.dir/Drivers/STM32F4xx_HAL_Driver/Src/stm32f4xx_hal_dma.c.obj
LOAD CMakeFiles/Lab_III_Timer.elf.dir/Drivers/STM32F4xx_HAL_Driver/Src/stm32f4xx_hal_dma_ex.c.obj
LOAD CMakeFiles/Lab_III_Timer.elf.dir/Drivers/STM32F4xx_HAL_Driver/Src/stm32f4xx_hal_exti.c.obj
LOAD CMakeFiles/Lab_III_Timer.elf.dir/Drivers/STM32F4xx_HAL_Driver/Src/stm32f4xx_hal_flash.c.obj
LOAD CMakeFiles/Lab_III_Timer.elf.dir/Drivers/STM32F4xx_HAL_Driver/Src/stm32f4xx_hal_flash_ex.c.obj
LOAD CMakeFiles/Lab_III_Timer.elf.dir/Drivers/STM32F4xx_HAL_Driver/Src/stm32f4xx_hal_flash_ramfunc.c.obj
LOAD CMakeFiles/Lab_III_Timer.elf.dir/Drivers/STM32F4xx_HAL_Driver/Src/stm32f4xx_hal_gpio.c.obj
LOAD CMakeFiles/Lab_III_Timer.elf.dir/Drivers/STM32F4xx_HAL_Driver/Src/stm32f4xx_hal_pwr.c.obj
LOAD CMakeFiles/Lab_III_Timer.elf.dir/Drivers/STM32F4xx_HAL_Driver/Src/stm32f4xx_hal_pwr_ex.c.obj
LOAD CMakeFiles/Lab_III_Timer.elf.dir/Drivers/STM32F4xx_HAL_Driver/Src/stm32f4xx_hal_rcc.c.obj
LOAD CMakeFiles/Lab_III_Timer.elf.dir/Drivers/STM32F4xx_HAL_Driver/Src/stm32f4xx_hal_rcc_ex.c.obj
LOAD CMakeFiles/Lab_III_Timer.elf.dir/Drivers/STM32F4xx_HAL_Driver/Src/stm32f4xx_hal_tim.c.obj
LOAD CMakeFiles/Lab_III_Timer.elf.dir/Drivers/STM32F4xx_HAL_Driver/Src/stm32f4xx_hal_tim_ex.c.obj
START GROUP
LOAD c:/progra~2/gnuarm~1/102020~1/bin/../lib/gcc/arm-none-eabi/10.2.1/thumb/v7e-m/nofp\libgcc.a
LOAD c:/progra~2/gnuarm~1/102020~1/bin/../lib/gcc/arm-none-eabi/10.2.1/../../../../arm-none-eabi/lib/thumb/v7e-m/nofp\libg.a
LOAD c:/progra~2/gnuarm~1/102020~1/bin/../lib/gcc/arm-none-eabi/10.2.1/../../../../arm-none-eabi/lib/thumb/v7e-m/nofp\libc.a
END GROUP
LOAD c:/progra~2/gnuarm~1/102020~1/bin/../lib/gcc/arm-none-eabi/10.2.1/thumb/v7e-m/nofp/crtend.o
LOAD c:/progra~2/gnuarm~1/102020~1/bin/../lib/gcc/arm-none-eabi/10.2.1/thumb/v7e-m/nofp/crtn.o
                0x20020000                _estack = (ORIGIN (RAM) + LENGTH (RAM))
                0x00000200                _Min_Heap_Size = 0x200
                0x00000400                _Min_Stack_Size = 0x400

.isr_vector     0x08000000      0x188
                0x08000000                . = ALIGN (0x4)
 *(.isr_vector)
 .isr_vector    0x08000000      0x188 CMakeFiles/Lab_III_Timer.elf.dir/Core/Startup/startup_stm32f407vgtx.s.obj
                0x08000000                g_pfnVectors
                0x08000188                . = ALIGN (0x4)

.text           0x08000188     0x1240
                0x08000188                . = ALIGN (0x4)
 *(.text)
 .text          0x08000188       0x40 c:/progra~2/gnuarm~1/102020~1/bin/../lib/gcc/arm-none-eabi/10.2.1/thumb/v7e-m/nofp/crtbegin.o
 .text          0x080001c8       0x30 c:/progra~2/gnuarm~1/102020~1/bin/../lib/gcc/arm-none-eabi/10.2.1/thumb/v7e-m/nofp\libgcc.a(_aeabi_uldivmod.o)
                0x080001c8                __aeabi_uldivmod
 .text          0x080001f8      0x2d0 c:/progra~2/gnuarm~1/102020~1/bin/../lib/gcc/arm-none-eabi/10.2.1/thumb/v7e-m/nofp\libgcc.a(_udivmoddi4.o)
                0x080001f8                __udivmoddi4
 .text          0x080004c8        0x4 c:/progra~2/gnuarm~1/102020~1/bin/../lib/gcc/arm-none-eabi/10.2.1/thumb/v7e-m/nofp\libgcc.a(_dvmd_tls.o)
                0x080004c8                __aeabi_idiv0
                0x080004c8                __aeabi_ldiv0
 *(.text*)
 .text.InitializeTimer
                0x080004cc       0x48 CMakeFiles/Lab_III_Timer.elf.dir/Core/Src/main.c.obj
                0x080004cc                InitializeTimer
 .text.InitializeLED
                0x08000514       0x40 CMakeFiles/Lab_III_Timer.elf.dir/Core/Src/main.c.obj
                0x08000514                InitializeLED
 .text.Error_Handler
                0x08000554        0x4 CMakeFiles/Lab_III_Timer.elf.dir/Core/Src/main.c.obj
                0x08000554                Error_Handler
 .text.SystemClock_Config
                0x08000558       0xa4 CMakeFiles/Lab_III_Timer.elf.dir/Core/Src/main.c.obj
                0x08000558                SystemClock_Config
 .text.main     0x080005fc       0x48 CMakeFiles/Lab_III_Timer.elf.dir/Core/Src/main.c.obj
                0x080005fc                main
 .text.HAL_MspInit
                0x08000644       0x40 CMakeFiles/Lab_III_Timer.elf.dir/Core/Src/stm32f4xx_hal_msp.c.obj
                0x08000644                HAL_MspInit
 .text.HAL_TIM_Base_MspInit
                0x08000684       0x68 CMakeFiles/Lab_III_Timer.elf.dir/Core/Src/stm32f4xx_hal_msp.c.obj
                0x08000684                HAL_TIM_Base_MspInit
 .text.NMI_Handler
                0x080006ec        0x2 CMakeFiles/Lab_III_Timer.elf.dir/Core/Src/stm32f4xx_it.c.obj
                0x080006ec                NMI_Handler
 .text.HardFault_Handler
                0x080006ee        0x2 CMakeFiles/Lab_III_Timer.elf.dir/Core/Src/stm32f4xx_it.c.obj
                0x080006ee                HardFault_Handler
 .text.MemManage_Handler
                0x080006f0        0x2 CMakeFiles/Lab_III_Timer.elf.dir/Core/Src/stm32f4xx_it.c.obj
                0x080006f0                MemManage_Handler
 .text.BusFault_Handler
                0x080006f2        0x2 CMakeFiles/Lab_III_Timer.elf.dir/Core/Src/stm32f4xx_it.c.obj
                0x080006f2                BusFault_Handler
 .text.UsageFault_Handler
                0x080006f4        0x2 CMakeFiles/Lab_III_Timer.elf.dir/Core/Src/stm32f4xx_it.c.obj
                0x080006f4                UsageFault_Handler
 .text.SVC_Handler
                0x080006f6        0x2 CMakeFiles/Lab_III_Timer.elf.dir/Core/Src/stm32f4xx_it.c.obj
                0x080006f6                SVC_Handler
 .text.DebugMon_Handler
                0x080006f8        0x2 CMakeFiles/Lab_III_Timer.elf.dir/Core/Src/stm32f4xx_it.c.obj
                0x080006f8                DebugMon_Handler
 .text.PendSV_Handler
                0x080006fa        0x2 CMakeFiles/Lab_III_Timer.elf.dir/Core/Src/stm32f4xx_it.c.obj
                0x080006fa                PendSV_Handler
 .text.SysTick_Handler
                0x080006fc        0x8 CMakeFiles/Lab_III_Timer.elf.dir/Core/Src/stm32f4xx_it.c.obj
                0x080006fc                SysTick_Handler
 .text.SystemInit
                0x08000704       0x10 CMakeFiles/Lab_III_Timer.elf.dir/Core/Src/system_stm32f4xx.c.obj
                0x08000704                SystemInit
 .text.Reset_Handler
                0x08000714       0x50 CMakeFiles/Lab_III_Timer.elf.dir/Core/Startup/startup_stm32f407vgtx.s.obj
                0x08000714                Reset_Handler
 .text.Default_Handler
                0x08000764        0x2 CMakeFiles/Lab_III_Timer.elf.dir/Core/Startup/startup_stm32f407vgtx.s.obj
                0x08000764                RTC_Alarm_IRQHandler
                0x08000764                HASH_RNG_IRQHandler
                0x08000764                EXTI2_IRQHandler
                0x08000764                TIM8_CC_IRQHandler
                0x08000764                TIM1_CC_IRQHandler
                0x08000764                DMA2_Stream5_IRQHandler
                0x08000764                DMA1_Stream5_IRQHandler
                0x08000764                PVD_IRQHandler
                0x08000764                SDIO_IRQHandler
                0x08000764                TAMP_STAMP_IRQHandler
                0x08000764                CAN2_RX1_IRQHandler
                0x08000764                EXTI3_IRQHandler
                0x08000764                TIM8_TRG_COM_TIM14_IRQHandler
                0x08000764                TIM1_UP_TIM10_IRQHandler
                0x08000764                TIM8_UP_TIM13_IRQHandler
                0x08000764                I2C3_ER_IRQHandler
                0x08000764                EXTI0_IRQHandler
                0x08000764                I2C2_EV_IRQHandler
                0x08000764                DMA1_Stream2_IRQHandler
                0x08000764                CAN1_RX0_IRQHandler
                0x08000764                FPU_IRQHandler
                0x08000764                OTG_HS_WKUP_IRQHandler
                0x08000764                CAN2_SCE_IRQHandler
                0x08000764                DMA2_Stream2_IRQHandler
                0x08000764                SPI1_IRQHandler
                0x08000764                TIM6_DAC_IRQHandler
                0x08000764                TIM1_BRK_TIM9_IRQHandler
                0x08000764                DCMI_IRQHandler
                0x08000764                CAN2_RX0_IRQHandler
                0x08000764                DMA2_Stream3_IRQHandler
                0x08000764                USART6_IRQHandler
                0x08000764                USART3_IRQHandler
                0x08000764                CAN1_RX1_IRQHandler
                0x08000764                UART5_IRQHandler
                0x08000764                DMA2_Stream0_IRQHandler
                0x08000764                TIM4_IRQHandler
                0x08000764                I2C1_EV_IRQHandler
                0x08000764                DMA1_Stream6_IRQHandler
                0x08000764                DMA1_Stream1_IRQHandler
                0x08000764                UART4_IRQHandler
                0x08000764                TIM3_IRQHandler
                0x08000764                RCC_IRQHandler
                0x08000764                TIM8_BRK_TIM12_IRQHandler
                0x08000764                Default_Handler
                0x08000764                EXTI15_10_IRQHandler
                0x08000764                ADC_IRQHandler
                0x08000764                DMA1_Stream7_IRQHandler
                0x08000764                TIM7_IRQHandler
                0x08000764                CAN2_TX_IRQHandler
                0x08000764                TIM5_IRQHandler
                0x08000764                DMA2_Stream7_IRQHandler
                0x08000764                I2C3_EV_IRQHandler
                0x08000764                EXTI9_5_IRQHandler
                0x08000764                RTC_WKUP_IRQHandler
                0x08000764                ETH_WKUP_IRQHandler
                0x08000764                SPI2_IRQHandler
                0x08000764                OTG_HS_EP1_IN_IRQHandler
                0x08000764                DMA1_Stream0_IRQHandler
                0x08000764                CAN1_TX_IRQHandler
                0x08000764                EXTI4_IRQHandler
                0x08000764                FSMC_IRQHandler
                0x08000764                ETH_IRQHandler
                0x08000764                OTG_HS_EP1_OUT_IRQHandler
                0x08000764                WWDG_IRQHandler
                0x08000764                TIM2_IRQHandler
                0x08000764                OTG_FS_WKUP_IRQHandler
                0x08000764                TIM1_TRG_COM_TIM11_IRQHandler
                0x08000764                OTG_HS_IRQHandler
                0x08000764                EXTI1_IRQHandler
                0x08000764                USART2_IRQHandler
                0x08000764                I2C2_ER_IRQHandler
                0x08000764                DMA2_Stream1_IRQHandler
                0x08000764                CAN1_SCE_IRQHandler
                0x08000764                FLASH_IRQHandler
                0x08000764                DMA2_Stream4_IRQHandler
                0x08000764                USART1_IRQHandler
                0x08000764                OTG_FS_IRQHandler
                0x08000764                SPI3_IRQHandler
                0x08000764                DMA1_Stream4_IRQHandler
                0x08000764                I2C1_ER_IRQHandler
                0x08000764                DMA2_Stream6_IRQHandler
                0x08000764                DMA1_Stream3_IRQHandler
 *fill*         0x08000766        0x2 
 .text.HAL_InitTick
                0x08000768       0x4c CMakeFiles/Lab_III_Timer.elf.dir/Drivers/STM32F4xx_HAL_Driver/Src/stm32f4xx_hal.c.obj
                0x08000768                HAL_InitTick
 .text.HAL_Init
                0x080007b4       0x34 CMakeFiles/Lab_III_Timer.elf.dir/Drivers/STM32F4xx_HAL_Driver/Src/stm32f4xx_hal.c.obj
                0x080007b4                HAL_Init
 .text.HAL_IncTick
                0x080007e8       0x18 CMakeFiles/Lab_III_Timer.elf.dir/Drivers/STM32F4xx_HAL_Driver/Src/stm32f4xx_hal.c.obj
                0x080007e8                HAL_IncTick
 .text.HAL_GetTick
                0x08000800        0xc CMakeFiles/Lab_III_Timer.elf.dir/Drivers/STM32F4xx_HAL_Driver/Src/stm32f4xx_hal.c.obj
                0x08000800                HAL_GetTick
 .text.HAL_NVIC_SetPriorityGrouping
                0x0800080c       0x24 CMakeFiles/Lab_III_Timer.elf.dir/Drivers/STM32F4xx_HAL_Driver/Src/stm32f4xx_hal_cortex.c.obj
                0x0800080c                HAL_NVIC_SetPriorityGrouping
 .text.HAL_NVIC_SetPriority
                0x08000830       0x70 CMakeFiles/Lab_III_Timer.elf.dir/Drivers/STM32F4xx_HAL_Driver/Src/stm32f4xx_hal_cortex.c.obj
                0x08000830                HAL_NVIC_SetPriority
 .text.HAL_SYSTICK_Config
                0x080008a0       0x28 CMakeFiles/Lab_III_Timer.elf.dir/Drivers/STM32F4xx_HAL_Driver/Src/stm32f4xx_hal_cortex.c.obj
                0x080008a0                HAL_SYSTICK_Config
 .text.HAL_GPIO_Init
                0x080008c8      0x1d0 CMakeFiles/Lab_III_Timer.elf.dir/Drivers/STM32F4xx_HAL_Driver/Src/stm32f4xx_hal_gpio.c.obj
                0x080008c8                HAL_GPIO_Init
 .text.HAL_GPIO_WritePin
                0x08000a98        0xc CMakeFiles/Lab_III_Timer.elf.dir/Drivers/STM32F4xx_HAL_Driver/Src/stm32f4xx_hal_gpio.c.obj
                0x08000a98                HAL_GPIO_WritePin
 .text.HAL_RCC_OscConfig
                0x08000aa4      0x3ec CMakeFiles/Lab_III_Timer.elf.dir/Drivers/STM32F4xx_HAL_Driver/Src/stm32f4xx_hal_rcc.c.obj
                0x08000aa4                HAL_RCC_OscConfig
 .text.HAL_RCC_GetSysClockFreq
                0x08000e90       0xd4 CMakeFiles/Lab_III_Timer.elf.dir/Drivers/STM32F4xx_HAL_Driver/Src/stm32f4xx_hal_rcc.c.obj
                0x08000e90                HAL_RCC_GetSysClockFreq
 .text.HAL_RCC_ClockConfig
                0x08000f64      0x160 CMakeFiles/Lab_III_Timer.elf.dir/Drivers/STM32F4xx_HAL_Driver/Src/stm32f4xx_hal_rcc.c.obj
                0x08000f64                HAL_RCC_ClockConfig
 .text.HAL_TIM_Base_Start
                0x080010c4       0x24 CMakeFiles/Lab_III_Timer.elf.dir/Drivers/STM32F4xx_HAL_Driver/Src/stm32f4xx_hal_tim.c.obj
                0x080010c4                HAL_TIM_Base_Start
 .text.TIM_Base_SetConfig
                0x080010e8       0xc8 CMakeFiles/Lab_III_Timer.elf.dir/Drivers/STM32F4xx_HAL_Driver/Src/stm32f4xx_hal_tim.c.obj
                0x080010e8                TIM_Base_SetConfig
 .text.HAL_TIM_Base_Init
                0x080011b0       0x34 CMakeFiles/Lab_III_Timer.elf.dir/Drivers/STM32F4xx_HAL_Driver/Src/stm32f4xx_hal_tim.c.obj
                0x080011b0                HAL_TIM_Base_Init
 .text.__libc_init_array
                0x080011e4       0x48 c:/progra~2/gnuarm~1/102020~1/bin/../lib/gcc/arm-none-eabi/10.2.1/../../../../arm-none-eabi/lib/thumb/v7e-m/nofp\libg.a(lib_a-init.o)
                0x080011e4                __libc_init_array
 .text.memset   0x0800122c       0xa4 c:/progra~2/gnuarm~1/102020~1/bin/../lib/gcc/arm-none-eabi/10.2.1/../../../../arm-none-eabi/lib/thumb/v7e-m/nofp\libg.a(lib_a-memset.o)
                0x0800122c                memset
 .text.startup.register_fini
                0x080012d0       0x14 c:/progra~2/gnuarm~1/102020~1/bin/../lib/gcc/arm-none-eabi/10.2.1/../../../../arm-none-eabi/lib/thumb/v7e-m/nofp\libg.a(lib_a-__call_atexit.o)
 .text.atexit   0x080012e4        0xc c:/progra~2/gnuarm~1/102020~1/bin/../lib/gcc/arm-none-eabi/10.2.1/../../../../arm-none-eabi/lib/thumb/v7e-m/nofp\libg.a(lib_a-atexit.o)
                0x080012e4                atexit
 .text.__libc_fini_array
                0x080012f0       0x2c c:/progra~2/gnuarm~1/102020~1/bin/../lib/gcc/arm-none-eabi/10.2.1/../../../../arm-none-eabi/lib/thumb/v7e-m/nofp\libg.a(lib_a-fini.o)
                0x080012f0                __libc_fini_array
 .text.__retarget_lock_acquire_recursive
                0x0800131c        0x4 c:/progra~2/gnuarm~1/102020~1/bin/../lib/gcc/arm-none-eabi/10.2.1/../../../../arm-none-eabi/lib/thumb/v7e-m/nofp\libg.a(lib_a-lock.o)
                0x0800131c                __retarget_lock_acquire_recursive
 .text.__retarget_lock_release_recursive
                0x08001320        0x4 c:/progra~2/gnuarm~1/102020~1/bin/../lib/gcc/arm-none-eabi/10.2.1/../../../../arm-none-eabi/lib/thumb/v7e-m/nofp\libg.a(lib_a-lock.o)
                0x08001320                __retarget_lock_release_recursive
 .text.__register_exitproc
                0x08001324       0x8c c:/progra~2/gnuarm~1/102020~1/bin/../lib/gcc/arm-none-eabi/10.2.1/../../../../arm-none-eabi/lib/thumb/v7e-m/nofp\libg.a(lib_a-__atexit.o)
                0x08001324                __register_exitproc
 *(.glue_7)
 .glue_7        0x080013b0        0x0 linker stubs
 *(.glue_7t)
 .glue_7t       0x080013b0        0x0 linker stubs
 *(.eh_frame)
 .eh_frame      0x080013b0        0x0 c:/progra~2/gnuarm~1/102020~1/bin/../lib/gcc/arm-none-eabi/10.2.1/thumb/v7e-m/nofp/crtbegin.o
 *(.init)
 .init          0x080013b0        0x4 c:/progra~2/gnuarm~1/102020~1/bin/../lib/gcc/arm-none-eabi/10.2.1/thumb/v7e-m/nofp/crti.o
                0x080013b0                _init
 .init          0x080013b4        0x8 c:/progra~2/gnuarm~1/102020~1/bin/../lib/gcc/arm-none-eabi/10.2.1/thumb/v7e-m/nofp/crtn.o
 *(.fini)
 .fini          0x080013bc        0x4 c:/progra~2/gnuarm~1/102020~1/bin/../lib/gcc/arm-none-eabi/10.2.1/thumb/v7e-m/nofp/crti.o
                0x080013bc                _fini
 .fini          0x080013c0        0x8 c:/progra~2/gnuarm~1/102020~1/bin/../lib/gcc/arm-none-eabi/10.2.1/thumb/v7e-m/nofp/crtn.o
                0x080013c8                . = ALIGN (0x4)
                0x080013c8                _etext = .

.vfp11_veneer   0x080013c8        0x0
 .vfp11_veneer  0x080013c8        0x0 linker stubs

.v4_bx          0x080013c8        0x0
 .v4_bx         0x080013c8        0x0 linker stubs

.iplt           0x080013c8        0x0
 .iplt          0x080013c8        0x0 c:/progra~2/gnuarm~1/102020~1/bin/../lib/gcc/arm-none-eabi/10.2.1/thumb/v7e-m/nofp/crtbegin.o

.rodata         0x080013c8       0x14
                0x080013c8                . = ALIGN (0x4)
 *(.rodata)
 *(.rodata*)
 .rodata.AHBPrescTable
                0x080013c8       0x10 CMakeFiles/Lab_III_Timer.elf.dir/Core/Src/system_stm32f4xx.c.obj
                0x080013c8                AHBPrescTable
 .rodata._global_impure_ptr
                0x080013d8        0x4 c:/progra~2/gnuarm~1/102020~1/bin/../lib/gcc/arm-none-eabi/10.2.1/../../../../arm-none-eabi/lib/thumb/v7e-m/nofp\libg.a(lib_a-impure.o)
                0x080013d8                _global_impure_ptr
                0x080013dc                . = ALIGN (0x4)

.ARM.extab      0x080013dc        0x0
                0x080013dc                . = ALIGN (0x4)
 *(.ARM.extab* .gnu.linkonce.armextab.*)
                0x080013dc                . = ALIGN (0x4)

.ARM            0x080013dc        0x8
                0x080013dc                . = ALIGN (0x4)
                0x080013dc                __exidx_start = .
 *(.ARM.exidx*)
 .ARM.exidx     0x080013dc        0x8 c:/progra~2/gnuarm~1/102020~1/bin/../lib/gcc/arm-none-eabi/10.2.1/thumb/v7e-m/nofp\libgcc.a(_udivmoddi4.o)
                0x080013e4                __exidx_end = .
                0x080013e4                . = ALIGN (0x4)

.rel.dyn        0x080013e4        0x0
 .rel.iplt      0x080013e4        0x0 c:/progra~2/gnuarm~1/102020~1/bin/../lib/gcc/arm-none-eabi/10.2.1/thumb/v7e-m/nofp/crtbegin.o

.preinit_array  0x080013e4        0x0
                0x080013e4                . = ALIGN (0x4)
                0x080013e4                PROVIDE (__preinit_array_start = .)
 *(.preinit_array*)
                0x080013e4                PROVIDE (__preinit_array_end = .)
                0x080013e4                . = ALIGN (0x4)

.init_array     0x080013e4        0x8
                0x080013e4                . = ALIGN (0x4)
                0x080013e4                PROVIDE (__init_array_start = .)
 *(SORT_BY_NAME(.init_array.*))
 .init_array.00000
                0x080013e4        0x4 c:/progra~2/gnuarm~1/102020~1/bin/../lib/gcc/arm-none-eabi/10.2.1/../../../../arm-none-eabi/lib/thumb/v7e-m/nofp\libg.a(lib_a-__call_atexit.o)
 *(.init_array*)
 .init_array    0x080013e8        0x4 c:/progra~2/gnuarm~1/102020~1/bin/../lib/gcc/arm-none-eabi/10.2.1/thumb/v7e-m/nofp/crtbegin.o
                0x080013ec                PROVIDE (__init_array_end = .)
                0x080013ec                . = ALIGN (0x4)

.fini_array     0x080013ec        0x4
                0x080013ec                . = ALIGN (0x4)
                0x080013ec                PROVIDE (__fini_array_start = .)
 *(SORT_BY_NAME(.fini_array.*))
 *(.fini_array*)
 .fini_array    0x080013ec        0x4 c:/progra~2/gnuarm~1/102020~1/bin/../lib/gcc/arm-none-eabi/10.2.1/thumb/v7e-m/nofp/crtbegin.o
                0x080013f0                PROVIDE (__fini_array_end = .)
                0x080013f0                . = ALIGN (0x4)
                0x080013f0                _sidata = LOADADDR (.data)

.data           0x20000000      0x47c load address 0x080013f0
                0x20000000                . = ALIGN (0x4)
                0x20000000                _sdata = .
 *(.data)
 *(.data*)
 .data.s_TimerInstance
                0x20000000       0x40 CMakeFiles/Lab_III_Timer.elf.dir/Core/Src/main.c.obj
 .data.SystemCoreClock
                0x20000040        0x4 CMakeFiles/Lab_III_Timer.elf.dir/Core/Src/system_stm32f4xx.c.obj
                0x20000040                SystemCoreClock
 .data.uwTickFreq
                0x20000044        0x1 CMakeFiles/Lab_III_Timer.elf.dir/Drivers/STM32F4xx_HAL_Driver/Src/stm32f4xx_hal.c.obj
                0x20000044                uwTickFreq
 *fill*         0x20000045        0x3 
 .data.uwTickPrio
                0x20000048        0x4 CMakeFiles/Lab_III_Timer.elf.dir/Drivers/STM32F4xx_HAL_Driver/Src/stm32f4xx_hal.c.obj
                0x20000048                uwTickPrio
 *fill*         0x2000004c        0x4 
 .data.impure_data
                0x20000050      0x428 c:/progra~2/gnuarm~1/102020~1/bin/../lib/gcc/arm-none-eabi/10.2.1/../../../../arm-none-eabi/lib/thumb/v7e-m/nofp\libg.a(lib_a-impure.o)
 .data.__atexit_recursive_mutex
                0x20000478        0x4 c:/progra~2/gnuarm~1/102020~1/bin/../lib/gcc/arm-none-eabi/10.2.1/../../../../arm-none-eabi/lib/thumb/v7e-m/nofp\libg.a(lib_a-__call_atexit.o)
                0x20000478                __atexit_recursive_mutex
                0x2000047c                . = ALIGN (0x4)
                0x2000047c                _edata = .

.igot.plt       0x2000047c        0x0 load address 0x0800186c
 .igot.plt      0x2000047c        0x0 c:/progra~2/gnuarm~1/102020~1/bin/../lib/gcc/arm-none-eabi/10.2.1/thumb/v7e-m/nofp/crtbegin.o
                0x2000047c                . = ALIGN (0x4)

.bss            0x2000047c       0x24 load address 0x0800186c
                0x2000047c                _sbss = .
                0x2000047c                __bss_start__ = _sbss
 *(.bss)
 .bss           0x2000047c       0x1c c:/progra~2/gnuarm~1/102020~1/bin/../lib/gcc/arm-none-eabi/10.2.1/thumb/v7e-m/nofp/crtbegin.o
 *(.bss*)
 .bss.uwTick    0x20000498        0x4 CMakeFiles/Lab_III_Timer.elf.dir/Drivers/STM32F4xx_HAL_Driver/Src/stm32f4xx_hal.c.obj
                0x20000498                uwTick
 .bss.__lock___atexit_recursive_mutex
                0x2000049c        0x1 c:/progra~2/gnuarm~1/102020~1/bin/../lib/gcc/arm-none-eabi/10.2.1/../../../../arm-none-eabi/lib/thumb/v7e-m/nofp\libg.a(lib_a-lock.o)
                0x2000049c                __lock___atexit_recursive_mutex
 *(COMMON)
                0x200004a0                . = ALIGN (0x4)
 *fill*         0x2000049d        0x3 
                0x200004a0                _ebss = .
                0x200004a0                __bss_end__ = _ebss

._user_heap_stack
                0x200004a0      0x600 load address 0x0800186c
                0x200004a0                . = ALIGN (0x8)
                [!provide]                PROVIDE (end = .)
                0x200004a0                PROVIDE (_end = .)
                0x200006a0                . = (. + _Min_Heap_Size)
 *fill*         0x200004a0      0x200 
                0x20000aa0                . = (. + _Min_Stack_Size)
 *fill*         0x200006a0      0x400 
                0x20000aa0                . = ALIGN (0x8)

/DISCARD/
 libc.a(*)
 libm.a(*)
 libgcc.a(*)

.ARM.attributes
                0x00000000       0x2a
 *(.ARM.attributes)
 .ARM.attributes
                0x00000000       0x1e c:/progra~2/gnuarm~1/102020~1/bin/../lib/gcc/arm-none-eabi/10.2.1/thumb/v7e-m/nofp/crti.o
 .ARM.attributes
                0x0000001e       0x2e c:/progra~2/gnuarm~1/102020~1/bin/../lib/gcc/arm-none-eabi/10.2.1/thumb/v7e-m/nofp/crtbegin.o
 .ARM.attributes
                0x0000004c       0x2e CMakeFiles/Lab_III_Timer.elf.dir/Core/Src/main.c.obj
 .ARM.attributes
                0x0000007a       0x2e CMakeFiles/Lab_III_Timer.elf.dir/Core/Src/stm32f4xx_hal_msp.c.obj
 .ARM.attributes
                0x000000a8       0x2e CMakeFiles/Lab_III_Timer.elf.dir/Core/Src/stm32f4xx_it.c.obj
 .ARM.attributes
                0x000000d6       0x2e CMakeFiles/Lab_III_Timer.elf.dir/Core/Src/system_stm32f4xx.c.obj
 .ARM.attributes
                0x00000104       0x21 CMakeFiles/Lab_III_Timer.elf.dir/Core/Startup/startup_stm32f407vgtx.s.obj
 .ARM.attributes
                0x00000125       0x2e CMakeFiles/Lab_III_Timer.elf.dir/Drivers/STM32F4xx_HAL_Driver/Src/stm32f4xx_hal.c.obj
 .ARM.attributes
                0x00000153       0x2e CMakeFiles/Lab_III_Timer.elf.dir/Drivers/STM32F4xx_HAL_Driver/Src/stm32f4xx_hal_cortex.c.obj
 .ARM.attributes
                0x00000181       0x2e CMakeFiles/Lab_III_Timer.elf.dir/Drivers/STM32F4xx_HAL_Driver/Src/stm32f4xx_hal_gpio.c.obj
 .ARM.attributes
                0x000001af       0x2e CMakeFiles/Lab_III_Timer.elf.dir/Drivers/STM32F4xx_HAL_Driver/Src/stm32f4xx_hal_rcc.c.obj
 .ARM.attributes
                0x000001dd       0x2e CMakeFiles/Lab_III_Timer.elf.dir/Drivers/STM32F4xx_HAL_Driver/Src/stm32f4xx_hal_tim.c.obj
 .ARM.attributes
                0x0000020b       0x1e c:/progra~2/gnuarm~1/102020~1/bin/../lib/gcc/arm-none-eabi/10.2.1/thumb/v7e-m/nofp\libgcc.a(_aeabi_uldivmod.o)
 .ARM.attributes
                0x00000229       0x2e c:/progra~2/gnuarm~1/102020~1/bin/../lib/gcc/arm-none-eabi/10.2.1/thumb/v7e-m/nofp\libgcc.a(_udivmoddi4.o)
 .ARM.attributes
                0x00000257       0x1e c:/progra~2/gnuarm~1/102020~1/bin/../lib/gcc/arm-none-eabi/10.2.1/thumb/v7e-m/nofp\libgcc.a(_dvmd_tls.o)
 .ARM.attributes
                0x00000275       0x2e c:/progra~2/gnuarm~1/102020~1/bin/../lib/gcc/arm-none-eabi/10.2.1/../../../../arm-none-eabi/lib/thumb/v7e-m/nofp\libg.a(lib_a-impure.o)
 .ARM.attributes
                0x000002a3       0x2e c:/progra~2/gnuarm~1/102020~1/bin/../lib/gcc/arm-none-eabi/10.2.1/../../../../arm-none-eabi/lib/thumb/v7e-m/nofp\libg.a(lib_a-init.o)
 .ARM.attributes
                0x000002d1       0x2e c:/progra~2/gnuarm~1/102020~1/bin/../lib/gcc/arm-none-eabi/10.2.1/../../../../arm-none-eabi/lib/thumb/v7e-m/nofp\libg.a(lib_a-memset.o)
 .ARM.attributes
                0x000002ff       0x2e c:/progra~2/gnuarm~1/102020~1/bin/../lib/gcc/arm-none-eabi/10.2.1/../../../../arm-none-eabi/lib/thumb/v7e-m/nofp\libg.a(lib_a-__call_atexit.o)
 .ARM.attributes
                0x0000032d       0x2e c:/progra~2/gnuarm~1/102020~1/bin/../lib/gcc/arm-none-eabi/10.2.1/../../../../arm-none-eabi/lib/thumb/v7e-m/nofp\libg.a(lib_a-atexit.o)
 .ARM.attributes
                0x0000035b       0x2e c:/progra~2/gnuarm~1/102020~1/bin/../lib/gcc/arm-none-eabi/10.2.1/../../../../arm-none-eabi/lib/thumb/v7e-m/nofp\libg.a(lib_a-fini.o)
 .ARM.attributes
                0x00000389       0x2e c:/progra~2/gnuarm~1/102020~1/bin/../lib/gcc/arm-none-eabi/10.2.1/../../../../arm-none-eabi/lib/thumb/v7e-m/nofp\libg.a(lib_a-lock.o)
 .ARM.attributes
                0x000003b7       0x2e c:/progra~2/gnuarm~1/102020~1/bin/../lib/gcc/arm-none-eabi/10.2.1/../../../../arm-none-eabi/lib/thumb/v7e-m/nofp\libg.a(lib_a-__atexit.o)
 .ARM.attributes
                0x000003e5       0x1e c:/progra~2/gnuarm~1/102020~1/bin/../lib/gcc/arm-none-eabi/10.2.1/thumb/v7e-m/nofp/crtn.o
OUTPUT(Lab_III_Timer.elf elf32-littlearm)
LOAD linker stubs
LOAD c:/progra~2/gnuarm~1/102020~1/bin/../lib/gcc/arm-none-eabi/10.2.1/../../../../arm-none-eabi/lib/thumb/v7e-m/nofp\libc.a
LOAD c:/progra~2/gnuarm~1/102020~1/bin/../lib/gcc/arm-none-eabi/10.2.1/../../../../arm-none-eabi/lib/thumb/v7e-m/nofp\libm.a
LOAD c:/progra~2/gnuarm~1/102020~1/bin/../lib/gcc/arm-none-eabi/10.2.1/thumb/v7e-m/nofp\libgcc.a

.debug_info     0x00000000     0x80ac
 .debug_info    0x00000000      0xd21 CMakeFiles/Lab_III_Timer.elf.dir/Core/Src/main.c.obj
 .debug_info    0x00000d21      0xa03 CMakeFiles/Lab_III_Timer.elf.dir/Core/Src/stm32f4xx_hal_msp.c.obj
 .debug_info    0x00001724      0x12f CMakeFiles/Lab_III_Timer.elf.dir/Core/Src/stm32f4xx_it.c.obj
 .debug_info    0x00001853      0x538 CMakeFiles/Lab_III_Timer.elf.dir/Core/Src/system_stm32f4xx.c.obj
 .debug_info    0x00001d8b       0x22 CMakeFiles/Lab_III_Timer.elf.dir/Core/Startup/startup_stm32f407vgtx.s.obj
 .debug_info    0x00001dad      0x9f0 CMakeFiles/Lab_III_Timer.elf.dir/Drivers/STM32F4xx_HAL_Driver/Src/stm32f4xx_hal.c.obj
 .debug_info    0x0000279d     0x1098 CMakeFiles/Lab_III_Timer.elf.dir/Drivers/STM32F4xx_HAL_Driver/Src/stm32f4xx_hal_cortex.c.obj
 .debug_info    0x00003835      0x79b CMakeFiles/Lab_III_Timer.elf.dir/Drivers/STM32F4xx_HAL_Driver/Src/stm32f4xx_hal_gpio.c.obj
 .debug_info    0x00003fd0      0xb03 CMakeFiles/Lab_III_Timer.elf.dir/Drivers/STM32F4xx_HAL_Driver/Src/stm32f4xx_hal_rcc.c.obj
 .debug_info    0x00004ad3     0x35d9 CMakeFiles/Lab_III_Timer.elf.dir/Drivers/STM32F4xx_HAL_Driver/Src/stm32f4xx_hal_tim.c.obj

.debug_abbrev   0x00000000     0x119d
 .debug_abbrev  0x00000000      0x234 CMakeFiles/Lab_III_Timer.elf.dir/Core/Src/main.c.obj
 .debug_abbrev  0x00000234      0x1ac CMakeFiles/Lab_III_Timer.elf.dir/Core/Src/stm32f4xx_hal_msp.c.obj
 .debug_abbrev  0x000003e0       0x7e CMakeFiles/Lab_III_Timer.elf.dir/Core/Src/stm32f4xx_it.c.obj
 .debug_abbrev  0x0000045e      0x119 CMakeFiles/Lab_III_Timer.elf.dir/Core/Src/system_stm32f4xx.c.obj
 .debug_abbrev  0x00000577       0x12 CMakeFiles/Lab_III_Timer.elf.dir/Core/Startup/startup_stm32f407vgtx.s.obj
 .debug_abbrev  0x00000589      0x206 CMakeFiles/Lab_III_Timer.elf.dir/Drivers/STM32F4xx_HAL_Driver/Src/stm32f4xx_hal.c.obj
 .debug_abbrev  0x0000078f      0x36a CMakeFiles/Lab_III_Timer.elf.dir/Drivers/STM32F4xx_HAL_Driver/Src/stm32f4xx_hal_cortex.c.obj
 .debug_abbrev  0x00000af9      0x1ef CMakeFiles/Lab_III_Timer.elf.dir/Drivers/STM32F4xx_HAL_Driver/Src/stm32f4xx_hal_gpio.c.obj
 .debug_abbrev  0x00000ce8      0x28a CMakeFiles/Lab_III_Timer.elf.dir/Drivers/STM32F4xx_HAL_Driver/Src/stm32f4xx_hal_rcc.c.obj
 .debug_abbrev  0x00000f72      0x22b CMakeFiles/Lab_III_Timer.elf.dir/Drivers/STM32F4xx_HAL_Driver/Src/stm32f4xx_hal_tim.c.obj

.debug_loc      0x00000000     0x500d
 .debug_loc     0x00000000       0x15 CMakeFiles/Lab_III_Timer.elf.dir/Core/Src/main.c.obj
 .debug_loc     0x00000015       0x84 CMakeFiles/Lab_III_Timer.elf.dir/Core/Src/stm32f4xx_hal_msp.c.obj
 .debug_loc     0x00000099      0x158 CMakeFiles/Lab_III_Timer.elf.dir/Core/Src/system_stm32f4xx.c.obj
 .debug_loc     0x000001f1      0x141 CMakeFiles/Lab_III_Timer.elf.dir/Drivers/STM32F4xx_HAL_Driver/Src/stm32f4xx_hal.c.obj
 .debug_loc     0x00000332      0x744 CMakeFiles/Lab_III_Timer.elf.dir/Drivers/STM32F4xx_HAL_Driver/Src/stm32f4xx_hal_cortex.c.obj
 .debug_loc     0x00000a76      0x4ff CMakeFiles/Lab_III_Timer.elf.dir/Drivers/STM32F4xx_HAL_Driver/Src/stm32f4xx_hal_gpio.c.obj
 .debug_loc     0x00000f75      0x58c CMakeFiles/Lab_III_Timer.elf.dir/Drivers/STM32F4xx_HAL_Driver/Src/stm32f4xx_hal_rcc.c.obj
 .debug_loc     0x00001501     0x3b0c CMakeFiles/Lab_III_Timer.elf.dir/Drivers/STM32F4xx_HAL_Driver/Src/stm32f4xx_hal_tim.c.obj

.debug_aranges  0x00000000      0x740
 .debug_aranges
                0x00000000       0x40 CMakeFiles/Lab_III_Timer.elf.dir/Core/Src/main.c.obj
 .debug_aranges
                0x00000040       0x30 CMakeFiles/Lab_III_Timer.elf.dir/Core/Src/stm32f4xx_hal_msp.c.obj
 .debug_aranges
                0x00000070       0x60 CMakeFiles/Lab_III_Timer.elf.dir/Core/Src/stm32f4xx_it.c.obj
 .debug_aranges
                0x000000d0       0x28 CMakeFiles/Lab_III_Timer.elf.dir/Core/Src/system_stm32f4xx.c.obj
 .debug_aranges
                0x000000f8       0x28 CMakeFiles/Lab_III_Timer.elf.dir/Core/Startup/startup_stm32f407vgtx.s.obj
 .debug_aranges
                0x00000120       0xf0 CMakeFiles/Lab_III_Timer.elf.dir/Drivers/STM32F4xx_HAL_Driver/Src/stm32f4xx_hal.c.obj
 .debug_aranges
                0x00000210       0xa8 CMakeFiles/Lab_III_Timer.elf.dir/Drivers/STM32F4xx_HAL_Driver/Src/stm32f4xx_hal_cortex.c.obj
 .debug_aranges
                0x000002b8       0x58 CMakeFiles/Lab_III_Timer.elf.dir/Drivers/STM32F4xx_HAL_Driver/Src/stm32f4xx_hal_gpio.c.obj
 .debug_aranges
                0x00000310       0x88 CMakeFiles/Lab_III_Timer.elf.dir/Drivers/STM32F4xx_HAL_Driver/Src/stm32f4xx_hal_rcc.c.obj
 .debug_aranges
                0x00000398      0x3a8 CMakeFiles/Lab_III_Timer.elf.dir/Drivers/STM32F4xx_HAL_Driver/Src/stm32f4xx_hal_tim.c.obj

.debug_ranges   0x00000000      0x720
 .debug_ranges  0x00000000       0x30 CMakeFiles/Lab_III_Timer.elf.dir/Core/Src/main.c.obj
 .debug_ranges  0x00000030       0x20 CMakeFiles/Lab_III_Timer.elf.dir/Core/Src/stm32f4xx_hal_msp.c.obj
 .debug_ranges  0x00000050       0x50 CMakeFiles/Lab_III_Timer.elf.dir/Core/Src/stm32f4xx_it.c.obj
 .debug_ranges  0x000000a0       0x18 CMakeFiles/Lab_III_Timer.elf.dir/Core/Src/system_stm32f4xx.c.obj
 .debug_ranges  0x000000b8       0x20 CMakeFiles/Lab_III_Timer.elf.dir/Core/Startup/startup_stm32f407vgtx.s.obj
 .debug_ranges  0x000000d8       0xe0 CMakeFiles/Lab_III_Timer.elf.dir/Drivers/STM32F4xx_HAL_Driver/Src/stm32f4xx_hal.c.obj
 .debug_ranges  0x000001b8       0xf8 CMakeFiles/Lab_III_Timer.elf.dir/Drivers/STM32F4xx_HAL_Driver/Src/stm32f4xx_hal_cortex.c.obj
 .debug_ranges  0x000002b0       0x48 CMakeFiles/Lab_III_Timer.elf.dir/Drivers/STM32F4xx_HAL_Driver/Src/stm32f4xx_hal_gpio.c.obj
 .debug_ranges  0x000002f8       0x90 CMakeFiles/Lab_III_Timer.elf.dir/Drivers/STM32F4xx_HAL_Driver/Src/stm32f4xx_hal_rcc.c.obj
 .debug_ranges  0x00000388      0x398 CMakeFiles/Lab_III_Timer.elf.dir/Drivers/STM32F4xx_HAL_Driver/Src/stm32f4xx_hal_tim.c.obj

.debug_line     0x00000000     0x6633
 .debug_line    0x00000000      0x4bb CMakeFiles/Lab_III_Timer.elf.dir/Core/Src/main.c.obj
 .debug_line    0x000004bb      0x31a CMakeFiles/Lab_III_Timer.elf.dir/Core/Src/stm32f4xx_hal_msp.c.obj
 .debug_line    0x000007d5      0x1f9 CMakeFiles/Lab_III_Timer.elf.dir/Core/Src/stm32f4xx_it.c.obj
 .debug_line    0x000009ce      0x2e9 CMakeFiles/Lab_III_Timer.elf.dir/Core/Src/system_stm32f4xx.c.obj
 .debug_line    0x00000cb7       0xc3 CMakeFiles/Lab_III_Timer.elf.dir/Core/Startup/startup_stm32f407vgtx.s.obj
 .debug_line    0x00000d7a      0x63f CMakeFiles/Lab_III_Timer.elf.dir/Drivers/STM32F4xx_HAL_Driver/Src/stm32f4xx_hal.c.obj
 .debug_line    0x000013b9      0x852 CMakeFiles/Lab_III_Timer.elf.dir/Drivers/STM32F4xx_HAL_Driver/Src/stm32f4xx_hal_cortex.c.obj
 .debug_line    0x00001c0b      0x775 CMakeFiles/Lab_III_Timer.elf.dir/Drivers/STM32F4xx_HAL_Driver/Src/stm32f4xx_hal_gpio.c.obj
 .debug_line    0x00002380      0xbab CMakeFiles/Lab_III_Timer.elf.dir/Drivers/STM32F4xx_HAL_Driver/Src/stm32f4xx_hal_rcc.c.obj
 .debug_line    0x00002f2b     0x3708 CMakeFiles/Lab_III_Timer.elf.dir/Drivers/STM32F4xx_HAL_Driver/Src/stm32f4xx_hal_tim.c.obj

.debug_str      0x00000000     0x2b7a
 .debug_str     0x00000000      0x972 CMakeFiles/Lab_III_Timer.elf.dir/Core/Src/main.c.obj
                                0xa17 (size before relaxing)
 .debug_str     0x00000972       0xcd CMakeFiles/Lab_III_Timer.elf.dir/Core/Src/stm32f4xx_hal_msp.c.obj
                                0x847 (size before relaxing)
 .debug_str     0x00000a3f       0xf5 CMakeFiles/Lab_III_Timer.elf.dir/Core/Src/stm32f4xx_it.c.obj
                                0x29d (size before relaxing)
 .debug_str     0x00000b34      0x119 CMakeFiles/Lab_III_Timer.elf.dir/Core/Src/system_stm32f4xx.c.obj
                                0x3e3 (size before relaxing)
 .debug_str     0x00000c4d       0x74 CMakeFiles/Lab_III_Timer.elf.dir/Core/Startup/startup_stm32f407vgtx.s.obj
                                 0xc7 (size before relaxing)
 .debug_str     0x00000cc1      0x885 CMakeFiles/Lab_III_Timer.elf.dir/Drivers/STM32F4xx_HAL_Driver/Src/stm32f4xx_hal.c.obj
                                0xbc8 (size before relaxing)
 .debug_str     0x00001546      0x4a1 CMakeFiles/Lab_III_Timer.elf.dir/Drivers/STM32F4xx_HAL_Driver/Src/stm32f4xx_hal_cortex.c.obj
                                0xc9a (size before relaxing)
 .debug_str     0x000019e7      0x166 CMakeFiles/Lab_III_Timer.elf.dir/Drivers/STM32F4xx_HAL_Driver/Src/stm32f4xx_hal_gpio.c.obj
                                0x54e (size before relaxing)
 .debug_str     0x00001b4d      0x1e2 CMakeFiles/Lab_III_Timer.elf.dir/Drivers/STM32F4xx_HAL_Driver/Src/stm32f4xx_hal_rcc.c.obj
                                0x774 (size before relaxing)
 .debug_str     0x00001d2f      0xe4b CMakeFiles/Lab_III_Timer.elf.dir/Drivers/STM32F4xx_HAL_Driver/Src/stm32f4xx_hal_tim.c.obj
                               0x1519 (size before relaxing)

.comment        0x00000000       0x4d
 .comment       0x00000000       0x4d CMakeFiles/Lab_III_Timer.elf.dir/Core/Src/main.c.obj
                                 0x4e (size before relaxing)
 .comment       0x0000004d       0x4e CMakeFiles/Lab_III_Timer.elf.dir/Core/Src/stm32f4xx_hal_msp.c.obj
 .comment       0x0000004d       0x4e CMakeFiles/Lab_III_Timer.elf.dir/Core/Src/stm32f4xx_it.c.obj
 .comment       0x0000004d       0x4e CMakeFiles/Lab_III_Timer.elf.dir/Core/Src/system_stm32f4xx.c.obj
 .comment       0x0000004d       0x4e CMakeFiles/Lab_III_Timer.elf.dir/Drivers/STM32F4xx_HAL_Driver/Src/stm32f4xx_hal.c.obj
 .comment       0x0000004d       0x4e CMakeFiles/Lab_III_Timer.elf.dir/Drivers/STM32F4xx_HAL_Driver/Src/stm32f4xx_hal_cortex.c.obj
 .comment       0x0000004d       0x4e CMakeFiles/Lab_III_Timer.elf.dir/Drivers/STM32F4xx_HAL_Driver/Src/stm32f4xx_hal_gpio.c.obj
 .comment       0x0000004d       0x4e CMakeFiles/Lab_III_Timer.elf.dir/Drivers/STM32F4xx_HAL_Driver/Src/stm32f4xx_hal_rcc.c.obj
 .comment       0x0000004d       0x4e CMakeFiles/Lab_III_Timer.elf.dir/Drivers/STM32F4xx_HAL_Driver/Src/stm32f4xx_hal_tim.c.obj

.debug_frame    0x00000000     0x13fc
 .debug_frame   0x00000000       0x94 CMakeFiles/Lab_III_Timer.elf.dir/Core/Src/main.c.obj
 .debug_frame   0x00000094       0x64 CMakeFiles/Lab_III_Timer.elf.dir/Core/Src/stm32f4xx_hal_msp.c.obj
 .debug_frame   0x000000f8       0xa8 CMakeFiles/Lab_III_Timer.elf.dir/Core/Src/stm32f4xx_it.c.obj
 .debug_frame   0x000001a0       0x30 CMakeFiles/Lab_III_Timer.elf.dir/Core/Src/system_stm32f4xx.c.obj
 .debug_frame   0x000001d0      0x1ec CMakeFiles/Lab_III_Timer.elf.dir/Drivers/STM32F4xx_HAL_Driver/Src/stm32f4xx_hal.c.obj
 .debug_frame   0x000003bc      0x148 CMakeFiles/Lab_III_Timer.elf.dir/Drivers/STM32F4xx_HAL_Driver/Src/stm32f4xx_hal_cortex.c.obj
 .debug_frame   0x00000504       0xd8 CMakeFiles/Lab_III_Timer.elf.dir/Drivers/STM32F4xx_HAL_Driver/Src/stm32f4xx_hal_gpio.c.obj
 .debug_frame   0x000005dc      0x16c CMakeFiles/Lab_III_Timer.elf.dir/Drivers/STM32F4xx_HAL_Driver/Src/stm32f4xx_hal_rcc.c.obj
 .debug_frame   0x00000748      0xa68 CMakeFiles/Lab_III_Timer.elf.dir/Drivers/STM32F4xx_HAL_Driver/Src/stm32f4xx_hal_tim.c.obj
 .debug_frame   0x000011b0       0x2c c:/progra~2/gnuarm~1/102020~1/bin/../lib/gcc/arm-none-eabi/10.2.1/thumb/v7e-m/nofp\libgcc.a(_aeabi_uldivmod.o)
 .debug_frame   0x000011dc       0x34 c:/progra~2/gnuarm~1/102020~1/bin/../lib/gcc/arm-none-eabi/10.2.1/thumb/v7e-m/nofp\libgcc.a(_udivmoddi4.o)
 .debug_frame   0x00001210       0x2c c:/progra~2/gnuarm~1/102020~1/bin/../lib/gcc/arm-none-eabi/10.2.1/../../../../arm-none-eabi/lib/thumb/v7e-m/nofp\libg.a(lib_a-init.o)
 .debug_frame   0x0000123c       0x2c c:/progra~2/gnuarm~1/102020~1/bin/../lib/gcc/arm-none-eabi/10.2.1/../../../../arm-none-eabi/lib/thumb/v7e-m/nofp\libg.a(lib_a-memset.o)
 .debug_frame   0x00001268       0x5c c:/progra~2/gnuarm~1/102020~1/bin/../lib/gcc/arm-none-eabi/10.2.1/../../../../arm-none-eabi/lib/thumb/v7e-m/nofp\libg.a(lib_a-__call_atexit.o)
 .debug_frame   0x000012c4       0x20 c:/progra~2/gnuarm~1/102020~1/bin/../lib/gcc/arm-none-eabi/10.2.1/../../../../arm-none-eabi/lib/thumb/v7e-m/nofp\libg.a(lib_a-atexit.o)
 .debug_frame   0x000012e4       0x34 c:/progra~2/gnuarm~1/102020~1/bin/../lib/gcc/arm-none-eabi/10.2.1/../../../../arm-none-eabi/lib/thumb/v7e-m/nofp\libg.a(lib_a-fini.o)
 .debug_frame   0x00001318       0xb0 c:/progra~2/gnuarm~1/102020~1/bin/../lib/gcc/arm-none-eabi/10.2.1/../../../../arm-none-eabi/lib/thumb/v7e-m/nofp\libg.a(lib_a-lock.o)
 .debug_frame   0x000013c8       0x34 c:/progra~2/gnuarm~1/102020~1/bin/../lib/gcc/arm-none-eabi/10.2.1/../../../../arm-none-eabi/lib/thumb/v7e-m/nofp\libg.a(lib_a-__atexit.o)
