Archive member included to satisfy reference by file (symbol)

c:/progra~2/gnuarm~1/102020~1/bin/../lib/gcc/arm-none-eabi/10.2.1/thumb/v7e-m/nofp\libgcc.a(_aeabi_uldivmod.o)
                              CMakeFiles/Lab_LED_Button.elf.dir/Drivers/STM32F4xx_HAL_Driver/Src/stm32f4xx_hal_rcc.c.obj (__aeabi_uldivmod)
c:/progra~2/gnuarm~1/102020~1/bin/../lib/gcc/arm-none-eabi/10.2.1/thumb/v7e-m/nofp\libgcc.a(_udivmoddi4.o)
                              c:/progra~2/gnuarm~1/102020~1/bin/../lib/gcc/arm-none-eabi/10.2.1/thumb/v7e-m/nofp\libgcc.a(_aeabi_uldivmod.o) (__udivmoddi4)
c:/progra~2/gnuarm~1/102020~1/bin/../lib/gcc/arm-none-eabi/10.2.1/thumb/v7e-m/nofp\libgcc.a(_dvmd_tls.o)
                              c:/progra~2/gnuarm~1/102020~1/bin/../lib/gcc/arm-none-eabi/10.2.1/thumb/v7e-m/nofp\libgcc.a(_aeabi_uldivmod.o) (__aeabi_ldiv0)
c:/progra~2/gnuarm~1/102020~1/bin/../lib/gcc/arm-none-eabi/10.2.1/../../../../arm-none-eabi/lib/thumb/v7e-m/nofp\libg.a(lib_a-errno.o)
                              CMakeFiles/Lab_LED_Button.elf.dir/Core/Src/syscalls.c.obj (__errno)
c:/progra~2/gnuarm~1/102020~1/bin/../lib/gcc/arm-none-eabi/10.2.1/../../../../arm-none-eabi/lib/thumb/v7e-m/nofp\libg.a(lib_a-exit.o)
                              c:/progra~2/gnuarm~1/102020~1/bin/../lib/gcc/arm-none-eabi/10.2.1/../../../../arm-none-eabi/lib/thumb/v7e-m/nofp/crt0.o (exit)
c:/progra~2/gnuarm~1/102020~1/bin/../lib/gcc/arm-none-eabi/10.2.1/../../../../arm-none-eabi/lib/thumb/v7e-m/nofp\libg.a(lib_a-impure.o)
                              c:/progra~2/gnuarm~1/102020~1/bin/../lib/gcc/arm-none-eabi/10.2.1/../../../../arm-none-eabi/lib/thumb/v7e-m/nofp\libg.a(lib_a-exit.o) (_global_impure_ptr)
c:/progra~2/gnuarm~1/102020~1/bin/../lib/gcc/arm-none-eabi/10.2.1/../../../../arm-none-eabi/lib/thumb/v7e-m/nofp\libg.a(lib_a-init.o)
                              c:/progra~2/gnuarm~1/102020~1/bin/../lib/gcc/arm-none-eabi/10.2.1/../../../../arm-none-eabi/lib/thumb/v7e-m/nofp/crt0.o (__libc_init_array)
c:/progra~2/gnuarm~1/102020~1/bin/../lib/gcc/arm-none-eabi/10.2.1/../../../../arm-none-eabi/lib/thumb/v7e-m/nofp\libg.a(lib_a-memset.o)
                              c:/progra~2/gnuarm~1/102020~1/bin/../lib/gcc/arm-none-eabi/10.2.1/../../../../arm-none-eabi/lib/thumb/v7e-m/nofp/crt0.o (memset)
c:/progra~2/gnuarm~1/102020~1/bin/../lib/gcc/arm-none-eabi/10.2.1/../../../../arm-none-eabi/lib/thumb/v7e-m/nofp\libg.a(lib_a-__call_atexit.o)
                              c:/progra~2/gnuarm~1/102020~1/bin/../lib/gcc/arm-none-eabi/10.2.1/../../../../arm-none-eabi/lib/thumb/v7e-m/nofp\libg.a(lib_a-exit.o) (__call_exitprocs)
c:/progra~2/gnuarm~1/102020~1/bin/../lib/gcc/arm-none-eabi/10.2.1/../../../../arm-none-eabi/lib/thumb/v7e-m/nofp\libg.a(lib_a-atexit.o)
                              c:/progra~2/gnuarm~1/102020~1/bin/../lib/gcc/arm-none-eabi/10.2.1/../../../../arm-none-eabi/lib/thumb/v7e-m/nofp\libg.a(lib_a-__call_atexit.o) (atexit)
c:/progra~2/gnuarm~1/102020~1/bin/../lib/gcc/arm-none-eabi/10.2.1/../../../../arm-none-eabi/lib/thumb/v7e-m/nofp\libg.a(lib_a-fini.o)
                              c:/progra~2/gnuarm~1/102020~1/bin/../lib/gcc/arm-none-eabi/10.2.1/../../../../arm-none-eabi/lib/thumb/v7e-m/nofp\libg.a(lib_a-__call_atexit.o) (__libc_fini_array)
c:/progra~2/gnuarm~1/102020~1/bin/../lib/gcc/arm-none-eabi/10.2.1/../../../../arm-none-eabi/lib/thumb/v7e-m/nofp\libg.a(lib_a-lock.o)
                              c:/progra~2/gnuarm~1/102020~1/bin/../lib/gcc/arm-none-eabi/10.2.1/../../../../arm-none-eabi/lib/thumb/v7e-m/nofp\libg.a(lib_a-__call_atexit.o) (__retarget_lock_acquire_recursive)
c:/progra~2/gnuarm~1/102020~1/bin/../lib/gcc/arm-none-eabi/10.2.1/../../../../arm-none-eabi/lib/thumb/v7e-m/nofp\libg.a(lib_a-__atexit.o)
                              c:/progra~2/gnuarm~1/102020~1/bin/../lib/gcc/arm-none-eabi/10.2.1/../../../../arm-none-eabi/lib/thumb/v7e-m/nofp\libg.a(lib_a-atexit.o) (__register_exitproc)

Discarded input sections

 .text          0x00000000        0x0 c:/progra~2/gnuarm~1/102020~1/bin/../lib/gcc/arm-none-eabi/10.2.1/thumb/v7e-m/nofp/crti.o
 .data          0x00000000        0x0 c:/progra~2/gnuarm~1/102020~1/bin/../lib/gcc/arm-none-eabi/10.2.1/thumb/v7e-m/nofp/crti.o
 .bss           0x00000000        0x0 c:/progra~2/gnuarm~1/102020~1/bin/../lib/gcc/arm-none-eabi/10.2.1/thumb/v7e-m/nofp/crti.o
 .data          0x00000000        0x4 c:/progra~2/gnuarm~1/102020~1/bin/../lib/gcc/arm-none-eabi/10.2.1/thumb/v7e-m/nofp/crtbegin.o
 .rodata        0x00000000       0x24 c:/progra~2/gnuarm~1/102020~1/bin/../lib/gcc/arm-none-eabi/10.2.1/thumb/v7e-m/nofp/crtbegin.o
 .text          0x00000000       0x7c c:/progra~2/gnuarm~1/102020~1/bin/../lib/gcc/arm-none-eabi/10.2.1/../../../../arm-none-eabi/lib/thumb/v7e-m/nofp/crt0.o
 .data          0x00000000        0x0 c:/progra~2/gnuarm~1/102020~1/bin/../lib/gcc/arm-none-eabi/10.2.1/../../../../arm-none-eabi/lib/thumb/v7e-m/nofp/crt0.o
[...]
Memory Configuration

Name             Origin             Length             Attributes
CCMRAM           0x10000000         0x00010000         xrw
RAM              0x20000000         0x00020000         xrw
FLASH            0x08000000         0x00100000         xr
*default*        0x00000000         0xffffffff

Linker script and memory map

LOAD c:/progra~2/gnuarm~1/102020~1/bin/../lib/gcc/arm-none-eabi/10.2.1/thumb/v7e-m/nofp/crti.o
LOAD c:/progra~2/gnuarm~1/102020~1/bin/../lib/gcc/arm-none-eabi/10.2.1/thumb/v7e-m/nofp/crtbegin.o
LOAD c:/progra~2/gnuarm~1/102020~1/bin/../lib/gcc/arm-none-eabi/10.2.1/../../../../arm-none-eabi/lib/thumb/v7e-m/nofp/crt0.o
LOAD CMakeFiles/Lab_LED_Button.elf.dir/Core/Src/main.c.obj
LOAD CMakeFiles/Lab_LED_Button.elf.dir/Core/Src/stm32f4xx_hal_msp.c.obj
LOAD CMakeFiles/Lab_LED_Button.elf.dir/Core/Src/stm32f4xx_it.c.obj
LOAD CMakeFiles/Lab_LED_Button.elf.dir/Core/Src/syscalls.c.obj
LOAD CMakeFiles/Lab_LED_Button.elf.dir/Core/Src/sysmem.c.obj
LOAD CMakeFiles/Lab_LED_Button.elf.dir/Core/Src/system_stm32f4xx.c.obj
LOAD CMakeFiles/Lab_LED_Button.elf.dir/Core/Startup/startup_stm32f407vgtx.s.obj
LOAD CMakeFiles/Lab_LED_Button.elf.dir/Drivers/STM32F4xx_HAL_Driver/Src/stm32f4xx_hal.c.obj
LOAD CMakeFiles/Lab_LED_Button.elf.dir/Drivers/STM32F4xx_HAL_Driver/Src/stm32f4xx_hal_cortex.c.obj
LOAD CMakeFiles/Lab_LED_Button.elf.dir/Drivers/STM32F4xx_HAL_Driver/Src/stm32f4xx_hal_dma.c.obj
LOAD CMakeFiles/Lab_LED_Button.elf.dir/Drivers/STM32F4xx_HAL_Driver/Src/stm32f4xx_hal_dma_ex.c.obj
LOAD CMakeFiles/Lab_LED_Button.elf.dir/Drivers/STM32F4xx_HAL_Driver/Src/stm32f4xx_hal_exti.c.obj
LOAD CMakeFiles/Lab_LED_Button.elf.dir/Drivers/STM32F4xx_HAL_Driver/Src/stm32f4xx_hal_flash.c.obj
LOAD CMakeFiles/Lab_LED_Button.elf.dir/Drivers/STM32F4xx_HAL_Driver/Src/stm32f4xx_hal_flash_ex.c.obj
LOAD CMakeFiles/Lab_LED_Button.elf.dir/Drivers/STM32F4xx_HAL_Driver/Src/stm32f4xx_hal_flash_ramfunc.c.obj
LOAD CMakeFiles/Lab_LED_Button.elf.dir/Drivers/STM32F4xx_HAL_Driver/Src/stm32f4xx_hal_gpio.c.obj
LOAD CMakeFiles/Lab_LED_Button.elf.dir/Drivers/STM32F4xx_HAL_Driver/Src/stm32f4xx_hal_pwr.c.obj
LOAD CMakeFiles/Lab_LED_Button.elf.dir/Drivers/STM32F4xx_HAL_Driver/Src/stm32f4xx_hal_pwr_ex.c.obj
LOAD CMakeFiles/Lab_LED_Button.elf.dir/Drivers/STM32F4xx_HAL_Driver/Src/stm32f4xx_hal_rcc.c.obj
LOAD CMakeFiles/Lab_LED_Button.elf.dir/Drivers/STM32F4xx_HAL_Driver/Src/stm32f4xx_hal_rcc_ex.c.obj
LOAD CMakeFiles/Lab_LED_Button.elf.dir/Drivers/STM32F4xx_HAL_Driver/Src/stm32f4xx_hal_tim.c.obj
LOAD CMakeFiles/Lab_LED_Button.elf.dir/Drivers/STM32F4xx_HAL_Driver/Src/stm32f4xx_hal_tim_ex.c.obj
START GROUP
LOAD c:/progra~2/gnuarm~1/102020~1/bin/../lib/gcc/arm-none-eabi/10.2.1/thumb/v7e-m/nofp\libgcc.a
LOAD c:/progra~2/gnuarm~1/102020~1/bin/../lib/gcc/arm-none-eabi/10.2.1/../../../../arm-none-eabi/lib/thumb/v7e-m/nofp\libg.a
LOAD c:/progra~2/gnuarm~1/102020~1/bin/../lib/gcc/arm-none-eabi/10.2.1/../../../../arm-none-eabi/lib/thumb/v7e-m/nofp\libc.a
END GROUP
LOAD c:/progra~2/gnuarm~1/102020~1/bin/../lib/gcc/arm-none-eabi/10.2.1/thumb/v7e-m/nofp/crtend.o
LOAD c:/progra~2/gnuarm~1/102020~1/bin/../lib/gcc/arm-none-eabi/10.2.1/thumb/v7e-m/nofp/crtn.o
                0x20020000                _estack = (ORIGIN (RAM) + LENGTH (RAM))
                0x00000200                _Min_Heap_Size = 0x200
                0x00000400                _Min_Stack_Size = 0x400

.isr_vector     0x08000000      0x188
                0x08000000                . = ALIGN (0x4)
 *(.isr_vector)
 .isr_vector    0x08000000      0x188 CMakeFiles/Lab_LED_Button.elf.dir/Core/Startup/startup_stm32f407vgtx.s.obj
                0x08000000                g_pfnVectors
                0x08000188                . = ALIGN (0x4)

.text           0x08000188     0x1118
                0x08000188                . = ALIGN (0x4)
 *(.text)
 .text          0x08000188       0x40 c:/progra~2/gnuarm~1/102020~1/bin/../lib/gcc/arm-none-eabi/10.2.1/thumb/v7e-m/nofp/crtbegin.o
 .text          0x080001c8       0x30 c:/progra~2/gnuarm~1/102020~1/bin/../lib/gcc/arm-none-eabi/10.2.1/thumb/v7e-m/nofp\libgcc.a(_aeabi_uldivmod.o)
                0x080001c8                __aeabi_uldivmod
 .text          0x080001f8      0x2d0 c:/progra~2/gnuarm~1/102020~1/bin/../lib/gcc/arm-none-eabi/10.2.1/thumb/v7e-m/nofp\libgcc.a(_udivmoddi4.o)
                0x080001f8                __udivmoddi4
 .text          0x080004c8        0x4 c:/progra~2/gnuarm~1/102020~1/bin/../lib/gcc/arm-none-eabi/10.2.1/thumb/v7e-m/nofp\libgcc.a(_dvmd_tls.o)
                0x080004c8                __aeabi_idiv0
                0x080004c8                __aeabi_ldiv0
 *(.text*)
 .text.MX_GPIO_Init
                0x080004cc       0x84 CMakeFiles/Lab_LED_Button.elf.dir/Core/Src/main.c.obj
 .text.Error_Handler
                0x08000550        0x4 CMakeFiles/Lab_LED_Button.elf.dir/Core/Src/main.c.obj
                0x08000550                Error_Handler
 .text.SystemClock_Config
                0x08000554       0xa4 CMakeFiles/Lab_LED_Button.elf.dir/Core/Src/main.c.obj
                0x08000554                SystemClock_Config
 .text.main     0x080005f8       0x74 CMakeFiles/Lab_LED_Button.elf.dir/Core/Src/main.c.obj
                0x080005f8                main
 .text.HAL_MspInit
                0x0800066c       0x40 CMakeFiles/Lab_LED_Button.elf.dir/Core/Src/stm32f4xx_hal_msp.c.obj
                0x0800066c                HAL_MspInit
 .text.NMI_Handler
                0x080006ac        0x2 CMakeFiles/Lab_LED_Button.elf.dir/Core/Src/stm32f4xx_it.c.obj
                0x080006ac                NMI_Handler
 .text.HardFault_Handler
                0x080006ae        0x2 CMakeFiles/Lab_LED_Button.elf.dir/Core/Src/stm32f4xx_it.c.obj
                0x080006ae                HardFault_Handler
 .text.MemManage_Handler
                0x080006b0        0x2 CMakeFiles/Lab_LED_Button.elf.dir/Core/Src/stm32f4xx_it.c.obj
                0x080006b0                MemManage_Handler
 .text.BusFault_Handler
                0x080006b2        0x2 CMakeFiles/Lab_LED_Button.elf.dir/Core/Src/stm32f4xx_it.c.obj
                0x080006b2                BusFault_Handler
 .text.UsageFault_Handler
                0x080006b4        0x2 CMakeFiles/Lab_LED_Button.elf.dir/Core/Src/stm32f4xx_it.c.obj
                0x080006b4                UsageFault_Handler
 .text.SVC_Handler
                0x080006b6        0x2 CMakeFiles/Lab_LED_Button.elf.dir/Core/Src/stm32f4xx_it.c.obj
                0x080006b6                SVC_Handler
 .text.DebugMon_Handler
                0x080006b8        0x2 CMakeFiles/Lab_LED_Button.elf.dir/Core/Src/stm32f4xx_it.c.obj
                0x080006b8                DebugMon_Handler
 .text.PendSV_Handler
                0x080006ba        0x2 CMakeFiles/Lab_LED_Button.elf.dir/Core/Src/stm32f4xx_it.c.obj
                0x080006ba                PendSV_Handler
 .text.SysTick_Handler
                0x080006bc        0x8 CMakeFiles/Lab_LED_Button.elf.dir/Core/Src/stm32f4xx_it.c.obj
                0x080006bc                SysTick_Handler
 .text.SystemInit
                0x080006c4       0x10 CMakeFiles/Lab_LED_Button.elf.dir/Core/Src/system_stm32f4xx.c.obj
                0x080006c4                SystemInit
 .text.Reset_Handler
                0x080006d4       0x50 CMakeFiles/Lab_LED_Button.elf.dir/Core/Startup/startup_stm32f407vgtx.s.obj
                0x080006d4                Reset_Handler
 .text.Default_Handler
                0x08000724        0x2 CMakeFiles/Lab_LED_Button.elf.dir/Core/Startup/startup_stm32f407vgtx.s.obj
                0x08000724                RTC_Alarm_IRQHandler
                0x08000724                HASH_RNG_IRQHandler
                0x08000724                EXTI2_IRQHandler
                0x08000724                TIM8_CC_IRQHandler
                0x08000724                TIM1_CC_IRQHandler
                0x08000724                DMA2_Stream5_IRQHandler
                0x08000724                DMA1_Stream5_IRQHandler
                0x08000724                PVD_IRQHandler
                0x08000724                SDIO_IRQHandler
                0x08000724                TAMP_STAMP_IRQHandler
                0x08000724                CAN2_RX1_IRQHandler
                0x08000724                EXTI3_IRQHandler
                0x08000724                TIM8_TRG_COM_TIM14_IRQHandler
                0x08000724                TIM1_UP_TIM10_IRQHandler
                0x08000724                TIM8_UP_TIM13_IRQHandler
                0x08000724                I2C3_ER_IRQHandler
                0x08000724                EXTI0_IRQHandler
                0x08000724                I2C2_EV_IRQHandler
                0x08000724                DMA1_Stream2_IRQHandler
                0x08000724                CAN1_RX0_IRQHandler
                0x08000724                FPU_IRQHandler
                0x08000724                OTG_HS_WKUP_IRQHandler
                0x08000724                CAN2_SCE_IRQHandler
                0x08000724                DMA2_Stream2_IRQHandler
                0x08000724                SPI1_IRQHandler
                0x08000724                TIM6_DAC_IRQHandler
                0x08000724                TIM1_BRK_TIM9_IRQHandler
                0x08000724                DCMI_IRQHandler
                0x08000724                CAN2_RX0_IRQHandler
                0x08000724                DMA2_Stream3_IRQHandler
                0x08000724                USART6_IRQHandler
                0x08000724                USART3_IRQHandler
                0x08000724                CAN1_RX1_IRQHandler
                0x08000724                UART5_IRQHandler
                0x08000724                DMA2_Stream0_IRQHandler
                0x08000724                TIM4_IRQHandler
                0x08000724                I2C1_EV_IRQHandler
                0x08000724                DMA1_Stream6_IRQHandler
                0x08000724                DMA1_Stream1_IRQHandler
                0x08000724                UART4_IRQHandler
                0x08000724                TIM3_IRQHandler
                0x08000724                RCC_IRQHandler
                0x08000724                TIM8_BRK_TIM12_IRQHandler
                0x08000724                Default_Handler
                0x08000724                EXTI15_10_IRQHandler
                0x08000724                ADC_IRQHandler
                0x08000724                DMA1_Stream7_IRQHandler
                0x08000724                TIM7_IRQHandler
                0x08000724                CAN2_TX_IRQHandler
                0x08000724                TIM5_IRQHandler
                0x08000724                DMA2_Stream7_IRQHandler
                0x08000724                I2C3_EV_IRQHandler
                0x08000724                EXTI9_5_IRQHandler
                0x08000724                RTC_WKUP_IRQHandler
                0x08000724                ETH_WKUP_IRQHandler
                0x08000724                SPI2_IRQHandler
                0x08000724                OTG_HS_EP1_IN_IRQHandler
                0x08000724                DMA1_Stream0_IRQHandler
                0x08000724                CAN1_TX_IRQHandler
                0x08000724                EXTI4_IRQHandler
                0x08000724                FSMC_IRQHandler
                0x08000724                ETH_IRQHandler
                0x08000724                OTG_HS_EP1_OUT_IRQHandler
                0x08000724                WWDG_IRQHandler
                0x08000724                TIM2_IRQHandler
                0x08000724                OTG_FS_WKUP_IRQHandler
                0x08000724                TIM1_TRG_COM_TIM11_IRQHandler
                0x08000724                OTG_HS_IRQHandler
                0x08000724                EXTI1_IRQHandler
                0x08000724                USART2_IRQHandler
                0x08000724                I2C2_ER_IRQHandler
                0x08000724                DMA2_Stream1_IRQHandler
                0x08000724                CAN1_SCE_IRQHandler
                0x08000724                FLASH_IRQHandler
                0x08000724                DMA2_Stream4_IRQHandler
                0x08000724                USART1_IRQHandler
                0x08000724                OTG_FS_IRQHandler
                0x08000724                SPI3_IRQHandler
                0x08000724                DMA1_Stream4_IRQHandler
                0x08000724                I2C1_ER_IRQHandler
                0x08000724                DMA2_Stream6_IRQHandler
                0x08000724                DMA1_Stream3_IRQHandler
 *fill*         0x08000726        0x2 
 .text.HAL_InitTick
                0x08000728       0x4c CMakeFiles/Lab_LED_Button.elf.dir/Drivers/STM32F4xx_HAL_Driver/Src/stm32f4xx_hal.c.obj
                0x08000728                HAL_InitTick
 .text.HAL_Init
                0x08000774       0x34 CMakeFiles/Lab_LED_Button.elf.dir/Drivers/STM32F4xx_HAL_Driver/Src/stm32f4xx_hal.c.obj
                0x08000774                HAL_Init
 .text.HAL_IncTick
                0x080007a8       0x18 CMakeFiles/Lab_LED_Button.elf.dir/Drivers/STM32F4xx_HAL_Driver/Src/stm32f4xx_hal.c.obj
                0x080007a8                HAL_IncTick
 .text.HAL_GetTick
                0x080007c0        0xc CMakeFiles/Lab_LED_Button.elf.dir/Drivers/STM32F4xx_HAL_Driver/Src/stm32f4xx_hal.c.obj
                0x080007c0                HAL_GetTick
 .text.HAL_Delay
                0x080007cc       0x28 CMakeFiles/Lab_LED_Button.elf.dir/Drivers/STM32F4xx_HAL_Driver/Src/stm32f4xx_hal.c.obj
                0x080007cc                HAL_Delay
 .text.HAL_NVIC_SetPriorityGrouping
                0x080007f4       0x24 CMakeFiles/Lab_LED_Button.elf.dir/Drivers/STM32F4xx_HAL_Driver/Src/stm32f4xx_hal_cortex.c.obj
                0x080007f4                HAL_NVIC_SetPriorityGrouping
 .text.HAL_NVIC_SetPriority
                0x08000818       0x70 CMakeFiles/Lab_LED_Button.elf.dir/Drivers/STM32F4xx_HAL_Driver/Src/stm32f4xx_hal_cortex.c.obj
                0x08000818                HAL_NVIC_SetPriority
 .text.HAL_SYSTICK_Config
                0x08000888       0x28 CMakeFiles/Lab_LED_Button.elf.dir/Drivers/STM32F4xx_HAL_Driver/Src/stm32f4xx_hal_cortex.c.obj
                0x08000888                HAL_SYSTICK_Config
 .text.HAL_GPIO_Init
                0x080008b0      0x1d0 CMakeFiles/Lab_LED_Button.elf.dir/Drivers/STM32F4xx_HAL_Driver/Src/stm32f4xx_hal_gpio.c.obj
                0x080008b0                HAL_GPIO_Init
 .text.HAL_GPIO_ReadPin
                0x08000a80        0xe CMakeFiles/Lab_LED_Button.elf.dir/Drivers/STM32F4xx_HAL_Driver/Src/stm32f4xx_hal_gpio.c.obj
                0x08000a80                HAL_GPIO_ReadPin
 .text.HAL_GPIO_WritePin
                0x08000a8e        0xc CMakeFiles/Lab_LED_Button.elf.dir/Drivers/STM32F4xx_HAL_Driver/Src/stm32f4xx_hal_gpio.c.obj
                0x08000a8e                HAL_GPIO_WritePin
 *fill*         0x08000a9a        0x2 
 .text.HAL_RCC_OscConfig
                0x08000a9c      0x3ec CMakeFiles/Lab_LED_Button.elf.dir/Drivers/STM32F4xx_HAL_Driver/Src/stm32f4xx_hal_rcc.c.obj
                0x08000a9c                HAL_RCC_OscConfig
 .text.HAL_RCC_GetSysClockFreq
                0x08000e88       0xd4 CMakeFiles/Lab_LED_Button.elf.dir/Drivers/STM32F4xx_HAL_Driver/Src/stm32f4xx_hal_rcc.c.obj
                0x08000e88                HAL_RCC_GetSysClockFreq
 .text.HAL_RCC_ClockConfig
                0x08000f5c      0x160 CMakeFiles/Lab_LED_Button.elf.dir/Drivers/STM32F4xx_HAL_Driver/Src/stm32f4xx_hal_rcc.c.obj
                0x08000f5c                HAL_RCC_ClockConfig
 .text.__libc_init_array
                0x080010bc       0x48 c:/progra~2/gnuarm~1/102020~1/bin/../lib/gcc/arm-none-eabi/10.2.1/../../../../arm-none-eabi/lib/thumb/v7e-m/nofp\libg.a(lib_a-init.o)
                0x080010bc                __libc_init_array
 .text.memset   0x08001104       0xa4 c:/progra~2/gnuarm~1/102020~1/bin/../lib/gcc/arm-none-eabi/10.2.1/../../../../arm-none-eabi/lib/thumb/v7e-m/nofp\libg.a(lib_a-memset.o)
                0x08001104                memset
 .text.startup.register_fini
                0x080011a8       0x14 c:/progra~2/gnuarm~1/102020~1/bin/../lib/gcc/arm-none-eabi/10.2.1/../../../../arm-none-eabi/lib/thumb/v7e-m/nofp\libg.a(lib_a-__call_atexit.o)
 .text.atexit   0x080011bc        0xc c:/progra~2/gnuarm~1/102020~1/bin/../lib/gcc/arm-none-eabi/10.2.1/../../../../arm-none-eabi/lib/thumb/v7e-m/nofp\libg.a(lib_a-atexit.o)
                0x080011bc                atexit
 .text.__libc_fini_array
                0x080011c8       0x2c c:/progra~2/gnuarm~1/102020~1/bin/../lib/gcc/arm-none-eabi/10.2.1/../../../../arm-none-eabi/lib/thumb/v7e-m/nofp\libg.a(lib_a-fini.o)
                0x080011c8                __libc_fini_array
 .text.__retarget_lock_acquire_recursive
                0x080011f4        0x4 c:/progra~2/gnuarm~1/102020~1/bin/../lib/gcc/arm-none-eabi/10.2.1/../../../../arm-none-eabi/lib/thumb/v7e-m/nofp\libg.a(lib_a-lock.o)
                0x080011f4                __retarget_lock_acquire_recursive
 .text.__retarget_lock_release_recursive
                0x080011f8        0x4 c:/progra~2/gnuarm~1/102020~1/bin/../lib/gcc/arm-none-eabi/10.2.1/../../../../arm-none-eabi/lib/thumb/v7e-m/nofp\libg.a(lib_a-lock.o)
                0x080011f8                __retarget_lock_release_recursive
 .text.__register_exitproc
                0x080011fc       0x8c c:/progra~2/gnuarm~1/102020~1/bin/../lib/gcc/arm-none-eabi/10.2.1/../../../../arm-none-eabi/lib/thumb/v7e-m/nofp\libg.a(lib_a-__atexit.o)
                0x080011fc                __register_exitproc
 *(.glue_7)
 .glue_7        0x08001288        0x0 linker stubs
 *(.glue_7t)
 .glue_7t       0x08001288        0x0 linker stubs
 *(.eh_frame)
 .eh_frame      0x08001288        0x0 c:/progra~2/gnuarm~1/102020~1/bin/../lib/gcc/arm-none-eabi/10.2.1/thumb/v7e-m/nofp/crtbegin.o
 *(.init)
 .init          0x08001288        0x4 c:/progra~2/gnuarm~1/102020~1/bin/../lib/gcc/arm-none-eabi/10.2.1/thumb/v7e-m/nofp/crti.o
                0x08001288                _init
 .init          0x0800128c        0x8 c:/progra~2/gnuarm~1/102020~1/bin/../lib/gcc/arm-none-eabi/10.2.1/thumb/v7e-m/nofp/crtn.o
 *(.fini)
 .fini          0x08001294        0x4 c:/progra~2/gnuarm~1/102020~1/bin/../lib/gcc/arm-none-eabi/10.2.1/thumb/v7e-m/nofp/crti.o
                0x08001294                _fini
 .fini          0x08001298        0x8 c:/progra~2/gnuarm~1/102020~1/bin/../lib/gcc/arm-none-eabi/10.2.1/thumb/v7e-m/nofp/crtn.o
                0x080012a0                . = ALIGN (0x4)
                0x080012a0                _etext = .

.vfp11_veneer   0x080012a0        0x0
 .vfp11_veneer  0x080012a0        0x0 linker stubs

.v4_bx          0x080012a0        0x0
 .v4_bx         0x080012a0        0x0 linker stubs

.iplt           0x080012a0        0x0
 .iplt          0x080012a0        0x0 c:/progra~2/gnuarm~1/102020~1/bin/../lib/gcc/arm-none-eabi/10.2.1/thumb/v7e-m/nofp/crtbegin.o

.rodata         0x080012a0       0x14
                0x080012a0                . = ALIGN (0x4)
 *(.rodata)
 *(.rodata*)
 .rodata.AHBPrescTable
                0x080012a0       0x10 CMakeFiles/Lab_LED_Button.elf.dir/Core/Src/system_stm32f4xx.c.obj
                0x080012a0                AHBPrescTable
 .rodata._global_impure_ptr
                0x080012b0        0x4 c:/progra~2/gnuarm~1/102020~1/bin/../lib/gcc/arm-none-eabi/10.2.1/../../../../arm-none-eabi/lib/thumb/v7e-m/nofp\libg.a(lib_a-impure.o)
                0x080012b0                _global_impure_ptr
                0x080012b4                . = ALIGN (0x4)

.ARM.extab      0x080012b4        0x0
                0x080012b4                . = ALIGN (0x4)
 *(.ARM.extab* .gnu.linkonce.armextab.*)
                0x080012b4                . = ALIGN (0x4)

.ARM            0x080012b4        0x8
                0x080012b4                . = ALIGN (0x4)
                0x080012b4                __exidx_start = .
 *(.ARM.exidx*)
 .ARM.exidx     0x080012b4        0x8 c:/progra~2/gnuarm~1/102020~1/bin/../lib/gcc/arm-none-eabi/10.2.1/thumb/v7e-m/nofp\libgcc.a(_udivmoddi4.o)
                0x080012bc                __exidx_end = .
                0x080012bc                . = ALIGN (0x4)

.rel.dyn        0x080012bc        0x0
 .rel.iplt      0x080012bc        0x0 c:/progra~2/gnuarm~1/102020~1/bin/../lib/gcc/arm-none-eabi/10.2.1/thumb/v7e-m/nofp/crtbegin.o

.preinit_array  0x080012bc        0x0
                0x080012bc                . = ALIGN (0x4)
                0x080012bc                PROVIDE (__preinit_array_start = .)
 *(.preinit_array*)
                0x080012bc                PROVIDE (__preinit_array_end = .)
                0x080012bc                . = ALIGN (0x4)

.init_array     0x080012bc        0x8
                0x080012bc                . = ALIGN (0x4)
                0x080012bc                PROVIDE (__init_array_start = .)
 *(SORT_BY_NAME(.init_array.*))
 .init_array.00000
                0x080012bc        0x4 c:/progra~2/gnuarm~1/102020~1/bin/../lib/gcc/arm-none-eabi/10.2.1/../../../../arm-none-eabi/lib/thumb/v7e-m/nofp\libg.a(lib_a-__call_atexit.o)
 *(.init_array*)
 .init_array    0x080012c0        0x4 c:/progra~2/gnuarm~1/102020~1/bin/../lib/gcc/arm-none-eabi/10.2.1/thumb/v7e-m/nofp/crtbegin.o
                0x080012c4                PROVIDE (__init_array_end = .)
                0x080012c4                . = ALIGN (0x4)

.fini_array     0x080012c4        0x4
                0x080012c4                . = ALIGN (0x4)
                0x080012c4                PROVIDE (__fini_array_start = .)
 *(SORT_BY_NAME(.fini_array.*))
 *(.fini_array*)
 .fini_array    0x080012c4        0x4 c:/progra~2/gnuarm~1/102020~1/bin/../lib/gcc/arm-none-eabi/10.2.1/thumb/v7e-m/nofp/crtbegin.o
                0x080012c8                PROVIDE (__fini_array_end = .)
                0x080012c8                . = ALIGN (0x4)
                0x080012c8                _sidata = LOADADDR (.data)

.data           0x20000000      0x43c load address 0x080012c8
                0x20000000                . = ALIGN (0x4)
                0x20000000                _sdata = .
 *(.data)
 *(.data*)
 .data.SystemCoreClock
                0x20000000        0x4 CMakeFiles/Lab_LED_Button.elf.dir/Core/Src/system_stm32f4xx.c.obj
                0x20000000                SystemCoreClock
 .data.uwTickFreq
                0x20000004        0x1 CMakeFiles/Lab_LED_Button.elf.dir/Drivers/STM32F4xx_HAL_Driver/Src/stm32f4xx_hal.c.obj
                0x20000004                uwTickFreq
 *fill*         0x20000005        0x3 
 .data.uwTickPrio
                0x20000008        0x4 CMakeFiles/Lab_LED_Button.elf.dir/Drivers/STM32F4xx_HAL_Driver/Src/stm32f4xx_hal.c.obj
                0x20000008                uwTickPrio
 *fill*         0x2000000c        0x4 
 .data.impure_data
                0x20000010      0x428 c:/progra~2/gnuarm~1/102020~1/bin/../lib/gcc/arm-none-eabi/10.2.1/../../../../arm-none-eabi/lib/thumb/v7e-m/nofp\libg.a(lib_a-impure.o)
 .data.__atexit_recursive_mutex
                0x20000438        0x4 c:/progra~2/gnuarm~1/102020~1/bin/../lib/gcc/arm-none-eabi/10.2.1/../../../../arm-none-eabi/lib/thumb/v7e-m/nofp\libg.a(lib_a-__call_atexit.o)
                0x20000438                __atexit_recursive_mutex
                0x2000043c                . = ALIGN (0x4)
                0x2000043c                _edata = .

.igot.plt       0x2000043c        0x0 load address 0x08001704
 .igot.plt      0x2000043c        0x0 c:/progra~2/gnuarm~1/102020~1/bin/../lib/gcc/arm-none-eabi/10.2.1/thumb/v7e-m/nofp/crtbegin.o
                0x2000043c                . = ALIGN (0x4)

.bss            0x2000043c       0x24 load address 0x08001704
                0x2000043c                _sbss = .
                0x2000043c                __bss_start__ = _sbss
 *(.bss)
 .bss           0x2000043c       0x1c c:/progra~2/gnuarm~1/102020~1/bin/../lib/gcc/arm-none-eabi/10.2.1/thumb/v7e-m/nofp/crtbegin.o
 *(.bss*)
 .bss.uwTick    0x20000458        0x4 CMakeFiles/Lab_LED_Button.elf.dir/Drivers/STM32F4xx_HAL_Driver/Src/stm32f4xx_hal.c.obj
                0x20000458                uwTick
 .bss.__lock___atexit_recursive_mutex
                0x2000045c        0x1 c:/progra~2/gnuarm~1/102020~1/bin/../lib/gcc/arm-none-eabi/10.2.1/../../../../arm-none-eabi/lib/thumb/v7e-m/nofp\libg.a(lib_a-lock.o)
                0x2000045c                __lock___atexit_recursive_mutex
 *(COMMON)
                0x20000460                . = ALIGN (0x4)
 *fill*         0x2000045d        0x3 
                0x20000460                _ebss = .
                0x20000460                __bss_end__ = _ebss

._user_heap_stack
                0x20000460      0x600 load address 0x08001704
                0x20000460                . = ALIGN (0x8)
                [!provide]                PROVIDE (end = .)
                0x20000460                PROVIDE (_end = .)
                0x20000660                . = (. + _Min_Heap_Size)
 *fill*         0x20000460      0x200 
                0x20000a60                . = (. + _Min_Stack_Size)
 *fill*         0x20000660      0x400 
                0x20000a60                . = ALIGN (0x8)

/DISCARD/
 libc.a(*)
 libm.a(*)
 libgcc.a(*)

.ARM.attributes
                0x00000000       0x2a
 *(.ARM.attributes)
 .ARM.attributes
                0x00000000       0x1e c:/progra~2/gnuarm~1/102020~1/bin/../lib/gcc/arm-none-eabi/10.2.1/thumb/v7e-m/nofp/crti.o
 .ARM.attributes
                0x0000001e       0x2e c:/progra~2/gnuarm~1/102020~1/bin/../lib/gcc/arm-none-eabi/10.2.1/thumb/v7e-m/nofp/crtbegin.o
 .ARM.attributes
                0x0000004c       0x2e CMakeFiles/Lab_LED_Button.elf.dir/Core/Src/main.c.obj
 .ARM.attributes
                0x0000007a       0x2e CMakeFiles/Lab_LED_Button.elf.dir/Core/Src/stm32f4xx_hal_msp.c.obj
 .ARM.attributes
                0x000000a8       0x2e CMakeFiles/Lab_LED_Button.elf.dir/Core/Src/stm32f4xx_it.c.obj
 .ARM.attributes
                0x000000d6       0x2e CMakeFiles/Lab_LED_Button.elf.dir/Core/Src/system_stm32f4xx.c.obj
 .ARM.attributes
                0x00000104       0x21 CMakeFiles/Lab_LED_Button.elf.dir/Core/Startup/startup_stm32f407vgtx.s.obj
 .ARM.attributes
                0x00000125       0x2e CMakeFiles/Lab_LED_Button.elf.dir/Drivers/STM32F4xx_HAL_Driver/Src/stm32f4xx_hal.c.obj
 .ARM.attributes
                0x00000153       0x2e CMakeFiles/Lab_LED_Button.elf.dir/Drivers/STM32F4xx_HAL_Driver/Src/stm32f4xx_hal_cortex.c.obj
 .ARM.attributes
                0x00000181       0x2e CMakeFiles/Lab_LED_Button.elf.dir/Drivers/STM32F4xx_HAL_Driver/Src/stm32f4xx_hal_gpio.c.obj
 .ARM.attributes
                0x000001af       0x2e CMakeFiles/Lab_LED_Button.elf.dir/Drivers/STM32F4xx_HAL_Driver/Src/stm32f4xx_hal_rcc.c.obj
 .ARM.attributes
                0x000001dd       0x1e c:/progra~2/gnuarm~1/102020~1/bin/../lib/gcc/arm-none-eabi/10.2.1/thumb/v7e-m/nofp\libgcc.a(_aeabi_uldivmod.o)
 .ARM.attributes
                0x000001fb       0x2e c:/progra~2/gnuarm~1/102020~1/bin/../lib/gcc/arm-none-eabi/10.2.1/thumb/v7e-m/nofp\libgcc.a(_udivmoddi4.o)
 .ARM.attributes
                0x00000229       0x1e c:/progra~2/gnuarm~1/102020~1/bin/../lib/gcc/arm-none-eabi/10.2.1/thumb/v7e-m/nofp\libgcc.a(_dvmd_tls.o)
 .ARM.attributes
                0x00000247       0x2e c:/progra~2/gnuarm~1/102020~1/bin/../lib/gcc/arm-none-eabi/10.2.1/../../../../arm-none-eabi/lib/thumb/v7e-m/nofp\libg.a(lib_a-impure.o)
 .ARM.attributes
                0x00000275       0x2e c:/progra~2/gnuarm~1/102020~1/bin/../lib/gcc/arm-none-eabi/10.2.1/../../../../arm-none-eabi/lib/thumb/v7e-m/nofp\libg.a(lib_a-init.o)
 .ARM.attributes
                0x000002a3       0x2e c:/progra~2/gnuarm~1/102020~1/bin/../lib/gcc/arm-none-eabi/10.2.1/../../../../arm-none-eabi/lib/thumb/v7e-m/nofp\libg.a(lib_a-memset.o)
 .ARM.attributes
                0x000002d1       0x2e c:/progra~2/gnuarm~1/102020~1/bin/../lib/gcc/arm-none-eabi/10.2.1/../../../../arm-none-eabi/lib/thumb/v7e-m/nofp\libg.a(lib_a-__call_atexit.o)
 .ARM.attributes
                0x000002ff       0x2e c:/progra~2/gnuarm~1/102020~1/bin/../lib/gcc/arm-none-eabi/10.2.1/../../../../arm-none-eabi/lib/thumb/v7e-m/nofp\libg.a(lib_a-atexit.o)
 .ARM.attributes
                0x0000032d       0x2e c:/progra~2/gnuarm~1/102020~1/bin/../lib/gcc/arm-none-eabi/10.2.1/../../../../arm-none-eabi/lib/thumb/v7e-m/nofp\libg.a(lib_a-fini.o)
 .ARM.attributes
                0x0000035b       0x2e c:/progra~2/gnuarm~1/102020~1/bin/../lib/gcc/arm-none-eabi/10.2.1/../../../../arm-none-eabi/lib/thumb/v7e-m/nofp\libg.a(lib_a-lock.o)
 .ARM.attributes
                0x00000389       0x2e c:/progra~2/gnuarm~1/102020~1/bin/../lib/gcc/arm-none-eabi/10.2.1/../../../../arm-none-eabi/lib/thumb/v7e-m/nofp\libg.a(lib_a-__atexit.o)
 .ARM.attributes
                0x000003b7       0x1e c:/progra~2/gnuarm~1/102020~1/bin/../lib/gcc/arm-none-eabi/10.2.1/thumb/v7e-m/nofp/crtn.o
OUTPUT(Lab_LED_Button.elf elf32-littlearm)
LOAD linker stubs
LOAD c:/progra~2/gnuarm~1/102020~1/bin/../lib/gcc/arm-none-eabi/10.2.1/../../../../arm-none-eabi/lib/thumb/v7e-m/nofp\libc.a
LOAD c:/progra~2/gnuarm~1/102020~1/bin/../lib/gcc/arm-none-eabi/10.2.1/../../../../arm-none-eabi/lib/thumb/v7e-m/nofp\libm.a
LOAD c:/progra~2/gnuarm~1/102020~1/bin/../lib/gcc/arm-none-eabi/10.2.1/thumb/v7e-m/nofp\libgcc.a

.debug_info     0x00000000     0x3ed5
 .debug_info    0x00000000      0x85e CMakeFiles/Lab_LED_Button.elf.dir/Core/Src/main.c.obj
 .debug_info    0x0000085e      0x2c8 CMakeFiles/Lab_LED_Button.elf.dir/Core/Src/stm32f4xx_hal_msp.c.obj
 .debug_info    0x00000b26      0x12f CMakeFiles/Lab_LED_Button.elf.dir/Core/Src/stm32f4xx_it.c.obj
 .debug_info    0x00000c55      0x538 CMakeFiles/Lab_LED_Button.elf.dir/Core/Src/system_stm32f4xx.c.obj
 .debug_info    0x0000118d       0x22 CMakeFiles/Lab_LED_Button.elf.dir/Core/Startup/startup_stm32f407vgtx.s.obj
 .debug_info    0x000011af      0x9f0 CMakeFiles/Lab_LED_Button.elf.dir/Drivers/STM32F4xx_HAL_Driver/Src/stm32f4xx_hal.c.obj
 .debug_info    0x00001b9f     0x1098 CMakeFiles/Lab_LED_Button.elf.dir/Drivers/STM32F4xx_HAL_Driver/Src/stm32f4xx_hal_cortex.c.obj
 .debug_info    0x00002c37      0x79b CMakeFiles/Lab_LED_Button.elf.dir/Drivers/STM32F4xx_HAL_Driver/Src/stm32f4xx_hal_gpio.c.obj
 .debug_info    0x000033d2      0xb03 CMakeFiles/Lab_LED_Button.elf.dir/Drivers/STM32F4xx_HAL_Driver/Src/stm32f4xx_hal_rcc.c.obj

.debug_abbrev   0x00000000      0xe62
 .debug_abbrev  0x00000000      0x1dc CMakeFiles/Lab_LED_Button.elf.dir/Core/Src/main.c.obj
 .debug_abbrev  0x000001dc       0xf4 CMakeFiles/Lab_LED_Button.elf.dir/Core/Src/stm32f4xx_hal_msp.c.obj
 .debug_abbrev  0x000002d0       0x7e CMakeFiles/Lab_LED_Button.elf.dir/Core/Src/stm32f4xx_it.c.obj
 .debug_abbrev  0x0000034e      0x119 CMakeFiles/Lab_LED_Button.elf.dir/Core/Src/system_stm32f4xx.c.obj
 .debug_abbrev  0x00000467       0x12 CMakeFiles/Lab_LED_Button.elf.dir/Core/Startup/startup_stm32f407vgtx.s.obj
 .debug_abbrev  0x00000479      0x206 CMakeFiles/Lab_LED_Button.elf.dir/Drivers/STM32F4xx_HAL_Driver/Src/stm32f4xx_hal.c.obj
 .debug_abbrev  0x0000067f      0x36a CMakeFiles/Lab_LED_Button.elf.dir/Drivers/STM32F4xx_HAL_Driver/Src/stm32f4xx_hal_cortex.c.obj
 .debug_abbrev  0x000009e9      0x1ef CMakeFiles/Lab_LED_Button.elf.dir/Drivers/STM32F4xx_HAL_Driver/Src/stm32f4xx_hal_gpio.c.obj
 .debug_abbrev  0x00000bd8      0x28a CMakeFiles/Lab_LED_Button.elf.dir/Drivers/STM32F4xx_HAL_Driver/Src/stm32f4xx_hal_rcc.c.obj

.debug_aranges  0x00000000      0x380
 .debug_aranges
                0x00000000       0x38 CMakeFiles/Lab_LED_Button.elf.dir/Core/Src/main.c.obj
 .debug_aranges
                0x00000038       0x20 CMakeFiles/Lab_LED_Button.elf.dir/Core/Src/stm32f4xx_hal_msp.c.obj
 .debug_aranges
                0x00000058       0x60 CMakeFiles/Lab_LED_Button.elf.dir/Core/Src/stm32f4xx_it.c.obj
 .debug_aranges
                0x000000b8       0x28 CMakeFiles/Lab_LED_Button.elf.dir/Core/Src/system_stm32f4xx.c.obj
 .debug_aranges
                0x000000e0       0x28 CMakeFiles/Lab_LED_Button.elf.dir/Core/Startup/startup_stm32f407vgtx.s.obj
 .debug_aranges
                0x00000108       0xf0 CMakeFiles/Lab_LED_Button.elf.dir/Drivers/STM32F4xx_HAL_Driver/Src/stm32f4xx_hal.c.obj
 .debug_aranges
                0x000001f8       0xa8 CMakeFiles/Lab_LED_Button.elf.dir/Drivers/STM32F4xx_HAL_Driver/Src/stm32f4xx_hal_cortex.c.obj
 .debug_aranges
                0x000002a0       0x58 CMakeFiles/Lab_LED_Button.elf.dir/Drivers/STM32F4xx_HAL_Driver/Src/stm32f4xx_hal_gpio.c.obj
 .debug_aranges
                0x000002f8       0x88 CMakeFiles/Lab_LED_Button.elf.dir/Drivers/STM32F4xx_HAL_Driver/Src/stm32f4xx_hal_rcc.c.obj

.debug_ranges   0x00000000      0x370
 .debug_ranges  0x00000000       0x28 CMakeFiles/Lab_LED_Button.elf.dir/Core/Src/main.c.obj
 .debug_ranges  0x00000028       0x10 CMakeFiles/Lab_LED_Button.elf.dir/Core/Src/stm32f4xx_hal_msp.c.obj
 .debug_ranges  0x00000038       0x50 CMakeFiles/Lab_LED_Button.elf.dir/Core/Src/stm32f4xx_it.c.obj
 .debug_ranges  0x00000088       0x18 CMakeFiles/Lab_LED_Button.elf.dir/Core/Src/system_stm32f4xx.c.obj
 .debug_ranges  0x000000a0       0x20 CMakeFiles/Lab_LED_Button.elf.dir/Core/Startup/startup_stm32f407vgtx.s.obj
 .debug_ranges  0x000000c0       0xe0 CMakeFiles/Lab_LED_Button.elf.dir/Drivers/STM32F4xx_HAL_Driver/Src/stm32f4xx_hal.c.obj
 .debug_ranges  0x000001a0       0xf8 CMakeFiles/Lab_LED_Button.elf.dir/Drivers/STM32F4xx_HAL_Driver/Src/stm32f4xx_hal_cortex.c.obj
 .debug_ranges  0x00000298       0x48 CMakeFiles/Lab_LED_Button.elf.dir/Drivers/STM32F4xx_HAL_Driver/Src/stm32f4xx_hal_gpio.c.obj
 .debug_ranges  0x000002e0       0x90 CMakeFiles/Lab_LED_Button.elf.dir/Drivers/STM32F4xx_HAL_Driver/Src/stm32f4xx_hal_rcc.c.obj

.debug_line     0x00000000     0x2d98
 .debug_line    0x00000000      0x457 CMakeFiles/Lab_LED_Button.elf.dir/Core/Src/main.c.obj
 .debug_line    0x00000457      0x227 CMakeFiles/Lab_LED_Button.elf.dir/Core/Src/stm32f4xx_hal_msp.c.obj
 .debug_line    0x0000067e      0x1f3 CMakeFiles/Lab_LED_Button.elf.dir/Core/Src/stm32f4xx_it.c.obj
 .debug_line    0x00000871      0x2e0 CMakeFiles/Lab_LED_Button.elf.dir/Core/Src/system_stm32f4xx.c.obj
 .debug_line    0x00000b51       0xc0 CMakeFiles/Lab_LED_Button.elf.dir/Core/Startup/startup_stm32f407vgtx.s.obj
 .debug_line    0x00000c11      0x633 CMakeFiles/Lab_LED_Button.elf.dir/Drivers/STM32F4xx_HAL_Driver/Src/stm32f4xx_hal.c.obj
 .debug_line    0x00001244      0x846 CMakeFiles/Lab_LED_Button.elf.dir/Drivers/STM32F4xx_HAL_Driver/Src/stm32f4xx_hal_cortex.c.obj
 .debug_line    0x00001a8a      0x76c CMakeFiles/Lab_LED_Button.elf.dir/Drivers/STM32F4xx_HAL_Driver/Src/stm32f4xx_hal_gpio.c.obj
 .debug_line    0x000021f6      0xba2 CMakeFiles/Lab_LED_Button.elf.dir/Drivers/STM32F4xx_HAL_Driver/Src/stm32f4xx_hal_rcc.c.obj

.debug_str      0x00000000     0x18bd
 .debug_str     0x00000000      0x55d CMakeFiles/Lab_LED_Button.elf.dir/Core/Src/main.c.obj
                                0x5bc (size before relaxing)
 .debug_str     0x0000055d       0x84 CMakeFiles/Lab_LED_Button.elf.dir/Core/Src/stm32f4xx_hal_msp.c.obj
                                0x340 (size before relaxing)
 .debug_str     0x000005e1       0xf2 CMakeFiles/Lab_LED_Button.elf.dir/Core/Src/stm32f4xx_it.c.obj
                                0x297 (size before relaxing)
 .debug_str     0x000006d3      0x116 CMakeFiles/Lab_LED_Button.elf.dir/Core/Src/system_stm32f4xx.c.obj
                                0x3dd (size before relaxing)
 .debug_str     0x000007e9       0x71 CMakeFiles/Lab_LED_Button.elf.dir/Core/Startup/startup_stm32f407vgtx.s.obj
                                 0xc1 (size before relaxing)
 .debug_str     0x0000085a      0x878 CMakeFiles/Lab_LED_Button.elf.dir/Drivers/STM32F4xx_HAL_Driver/Src/stm32f4xx_hal.c.obj
                                0xbc2 (size before relaxing)
 .debug_str     0x000010d2      0x4aa CMakeFiles/Lab_LED_Button.elf.dir/Drivers/STM32F4xx_HAL_Driver/Src/stm32f4xx_hal_cortex.c.obj
                                0xc94 (size before relaxing)
 .debug_str     0x0000157c      0x162 CMakeFiles/Lab_LED_Button.elf.dir/Drivers/STM32F4xx_HAL_Driver/Src/stm32f4xx_hal_gpio.c.obj
                                0x548 (size before relaxing)
 .debug_str     0x000016de      0x1df CMakeFiles/Lab_LED_Button.elf.dir/Drivers/STM32F4xx_HAL_Driver/Src/stm32f4xx_hal_rcc.c.obj
                                0x76e (size before relaxing)

.comment        0x00000000       0x4d
 .comment       0x00000000       0x4d CMakeFiles/Lab_LED_Button.elf.dir/Core/Src/main.c.obj
                                 0x4e (size before relaxing)
 .comment       0x0000004d       0x4e CMakeFiles/Lab_LED_Button.elf.dir/Core/Src/stm32f4xx_hal_msp.c.obj
 .comment       0x0000004d       0x4e CMakeFiles/Lab_LED_Button.elf.dir/Core/Src/stm32f4xx_it.c.obj
 .comment       0x0000004d       0x4e CMakeFiles/Lab_LED_Button.elf.dir/Core/Src/system_stm32f4xx.c.obj
 .comment       0x0000004d       0x4e CMakeFiles/Lab_LED_Button.elf.dir/Drivers/STM32F4xx_HAL_Driver/Src/stm32f4xx_hal.c.obj
 .comment       0x0000004d       0x4e CMakeFiles/Lab_LED_Button.elf.dir/Drivers/STM32F4xx_HAL_Driver/Src/stm32f4xx_hal_cortex.c.obj
 .comment       0x0000004d       0x4e CMakeFiles/Lab_LED_Button.elf.dir/Drivers/STM32F4xx_HAL_Driver/Src/stm32f4xx_hal_gpio.c.obj
 .comment       0x0000004d       0x4e CMakeFiles/Lab_LED_Button.elf.dir/Drivers/STM32F4xx_HAL_Driver/Src/stm32f4xx_hal_rcc.c.obj

.debug_frame    0x00000000      0x944
 .debug_frame   0x00000000       0x7c CMakeFiles/Lab_LED_Button.elf.dir/Core/Src/main.c.obj
 .debug_frame   0x0000007c       0x2c CMakeFiles/Lab_LED_Button.elf.dir/Core/Src/stm32f4xx_hal_msp.c.obj
 .debug_frame   0x000000a8       0xa8 CMakeFiles/Lab_LED_Button.elf.dir/Core/Src/stm32f4xx_it.c.obj
 .debug_frame   0x00000150       0x30 CMakeFiles/Lab_LED_Button.elf.dir/Core/Src/system_stm32f4xx.c.obj
 .debug_frame   0x00000180      0x1ec CMakeFiles/Lab_LED_Button.elf.dir/Drivers/STM32F4xx_HAL_Driver/Src/stm32f4xx_hal.c.obj
 .debug_frame   0x0000036c      0x148 CMakeFiles/Lab_LED_Button.elf.dir/Drivers/STM32F4xx_HAL_Driver/Src/stm32f4xx_hal_cortex.c.obj
 .debug_frame   0x000004b4       0xd8 CMakeFiles/Lab_LED_Button.elf.dir/Drivers/STM32F4xx_HAL_Driver/Src/stm32f4xx_hal_gpio.c.obj
 .debug_frame   0x0000058c      0x16c CMakeFiles/Lab_LED_Button.elf.dir/Drivers/STM32F4xx_HAL_Driver/Src/stm32f4xx_hal_rcc.c.obj
 .debug_frame   0x000006f8       0x2c c:/progra~2/gnuarm~1/102020~1/bin/../lib/gcc/arm-none-eabi/10.2.1/thumb/v7e-m/nofp\libgcc.a(_aeabi_uldivmod.o)
 .debug_frame   0x00000724       0x34 c:/progra~2/gnuarm~1/102020~1/bin/../lib/gcc/arm-none-eabi/10.2.1/thumb/v7e-m/nofp\libgcc.a(_udivmoddi4.o)
 .debug_frame   0x00000758       0x2c c:/progra~2/gnuarm~1/102020~1/bin/../lib/gcc/arm-none-eabi/10.2.1/../../../../arm-none-eabi/lib/thumb/v7e-m/nofp\libg.a(lib_a-init.o)
 .debug_frame   0x00000784       0x2c c:/progra~2/gnuarm~1/102020~1/bin/../lib/gcc/arm-none-eabi/10.2.1/../../../../arm-none-eabi/lib/thumb/v7e-m/nofp\libg.a(lib_a-memset.o)
 .debug_frame   0x000007b0       0x5c c:/progra~2/gnuarm~1/102020~1/bin/../lib/gcc/arm-none-eabi/10.2.1/../../../../arm-none-eabi/lib/thumb/v7e-m/nofp\libg.a(lib_a-__call_atexit.o)
 .debug_frame   0x0000080c       0x20 c:/progra~2/gnuarm~1/102020~1/bin/../lib/gcc/arm-none-eabi/10.2.1/../../../../arm-none-eabi/lib/thumb/v7e-m/nofp\libg.a(lib_a-atexit.o)
 .debug_frame   0x0000082c       0x34 c:/progra~2/gnuarm~1/102020~1/bin/../lib/gcc/arm-none-eabi/10.2.1/../../../../arm-none-eabi/lib/thumb/v7e-m/nofp\libg.a(lib_a-fini.o)
 .debug_frame   0x00000860       0xb0 c:/progra~2/gnuarm~1/102020~1/bin/../lib/gcc/arm-none-eabi/10.2.1/../../../../arm-none-eabi/lib/thumb/v7e-m/nofp\libg.a(lib_a-lock.o)
 .debug_frame   0x00000910       0x34 c:/progra~2/gnuarm~1/102020~1/bin/../lib/gcc/arm-none-eabi/10.2.1/../../../../arm-none-eabi/lib/thumb/v7e-m/nofp\libg.a(lib_a-__atexit.o)

.debug_loc      0x00000000     0x1468
 .debug_loc     0x00000000      0x158 CMakeFiles/Lab_LED_Button.elf.dir/Core/Src/system_stm32f4xx.c.obj
 .debug_loc     0x00000158      0x141 CMakeFiles/Lab_LED_Button.elf.dir/Drivers/STM32F4xx_HAL_Driver/Src/stm32f4xx_hal.c.obj
 .debug_loc     0x00000299      0x744 CMakeFiles/Lab_LED_Button.elf.dir/Drivers/STM32F4xx_HAL_Driver/Src/stm32f4xx_hal_cortex.c.obj
 .debug_loc     0x000009dd      0x4ff CMakeFiles/Lab_LED_Button.elf.dir/Drivers/STM32F4xx_HAL_Driver/Src/stm32f4xx_hal_gpio.c.obj
 .debug_loc     0x00000edc      0x58c CMakeFiles/Lab_LED_Button.elf.dir/Drivers/STM32F4xx_HAL_Driver/Src/stm32f4xx_hal_rcc.c.obj
